Component: ARM Compiler 5.05 update 2 (build 169) Tool: armlink [4d0f33]

==============================================================================

Section Cross References

    startup_stm32f10x_md.o(RESET) refers to startup_stm32f10x_md.o(STACK) for __initial_sp
    startup_stm32f10x_md.o(RESET) refers to startup_stm32f10x_md.o(.text) for Reset_Handler
    startup_stm32f10x_md.o(RESET) refers to stm32f10x_it.o(i.NMI_Handler) for NMI_Handler
    startup_stm32f10x_md.o(RESET) refers to stm32f10x_it.o(i.HardFault_Handler) for HardFault_Handler
    startup_stm32f10x_md.o(RESET) refers to stm32f10x_it.o(i.MemManage_Handler) for MemManage_Handler
    startup_stm32f10x_md.o(RESET) refers to stm32f10x_it.o(i.BusFault_Handler) for BusFault_Handler
    startup_stm32f10x_md.o(RESET) refers to stm32f10x_it.o(i.UsageFault_Handler) for UsageFault_Handler
    startup_stm32f10x_md.o(RESET) refers to stm32f10x_it.o(i.SVC_Handler) for SVC_Handler
    startup_stm32f10x_md.o(RESET) refers to stm32f10x_it.o(i.DebugMon_Handler) for DebugMon_Handler
    startup_stm32f10x_md.o(RESET) refers to stm32f10x_it.o(i.PendSV_Handler) for PendSV_Handler
    startup_stm32f10x_md.o(RESET) refers to stm32f10x_it.o(i.SysTick_Handler) for SysTick_Handler
    startup_stm32f10x_md.o(RESET) refers to bsp_usart.o(i.USART1_IRQHandler) for USART1_IRQHandler
    startup_stm32f10x_md.o(RESET) refers to bsp_usart.o(i.USART2_IRQHandler) for USART2_IRQHandler
    startup_stm32f10x_md.o(.text) refers to system_stm32f10x.o(i.SystemInit) for SystemInit
    startup_stm32f10x_md.o(.text) refers to entry.o(.ARM.Collect$$$$00000000) for __main
    system_stm32f10x.o(i.SetSysClock) refers to system_stm32f10x.o(i.SetSysClockTo72) for SetSysClockTo72
    system_stm32f10x.o(i.SystemCoreClockUpdate) refers to system_stm32f10x.o(.data) for SystemCoreClock
    system_stm32f10x.o(i.SystemInit) refers to system_stm32f10x.o(i.SetSysClock) for SetSysClock
    stm32f10x_gpio.o(i.GPIO_AFIODeInit) refers to stm32f10x_rcc.o(i.RCC_APB2PeriphResetCmd) for RCC_APB2PeriphResetCmd
    stm32f10x_gpio.o(i.GPIO_DeInit) refers to stm32f10x_rcc.o(i.RCC_APB2PeriphResetCmd) for RCC_APB2PeriphResetCmd
    stm32f10x_rcc.o(i.RCC_GetClocksFreq) refers to stm32f10x_rcc.o(.data) for APBAHBPrescTable
    stm32f10x_rcc.o(i.RCC_WaitForHSEStartUp) refers to stm32f10x_rcc.o(i.RCC_GetFlagStatus) for RCC_GetFlagStatus
    stm32f10x_tim.o(i.TIM_DeInit) refers to stm32f10x_rcc.o(i.RCC_APB2PeriphResetCmd) for RCC_APB2PeriphResetCmd
    stm32f10x_tim.o(i.TIM_DeInit) refers to stm32f10x_rcc.o(i.RCC_APB1PeriphResetCmd) for RCC_APB1PeriphResetCmd
    stm32f10x_tim.o(i.TIM_ETRClockMode1Config) refers to stm32f10x_tim.o(i.TIM_ETRConfig) for TIM_ETRConfig
    stm32f10x_tim.o(i.TIM_ETRClockMode2Config) refers to stm32f10x_tim.o(i.TIM_ETRConfig) for TIM_ETRConfig
    stm32f10x_tim.o(i.TIM_ICInit) refers to stm32f10x_tim.o(i.TI1_Config) for TI1_Config
    stm32f10x_tim.o(i.TIM_ICInit) refers to stm32f10x_tim.o(i.TIM_SetIC1Prescaler) for TIM_SetIC1Prescaler
    stm32f10x_tim.o(i.TIM_ICInit) refers to stm32f10x_tim.o(i.TI2_Config) for TI2_Config
    stm32f10x_tim.o(i.TIM_ICInit) refers to stm32f10x_tim.o(i.TIM_SetIC2Prescaler) for TIM_SetIC2Prescaler
    stm32f10x_tim.o(i.TIM_ICInit) refers to stm32f10x_tim.o(i.TI3_Config) for TI3_Config
    stm32f10x_tim.o(i.TIM_ICInit) refers to stm32f10x_tim.o(i.TIM_SetIC3Prescaler) for TIM_SetIC3Prescaler
    stm32f10x_tim.o(i.TIM_ICInit) refers to stm32f10x_tim.o(i.TI4_Config) for TI4_Config
    stm32f10x_tim.o(i.TIM_ICInit) refers to stm32f10x_tim.o(i.TIM_SetIC4Prescaler) for TIM_SetIC4Prescaler
    stm32f10x_tim.o(i.TIM_ITRxExternalClockConfig) refers to stm32f10x_tim.o(i.TIM_SelectInputTrigger) for TIM_SelectInputTrigger
    stm32f10x_tim.o(i.TIM_PWMIConfig) refers to stm32f10x_tim.o(i.TI1_Config) for TI1_Config
    stm32f10x_tim.o(i.TIM_PWMIConfig) refers to stm32f10x_tim.o(i.TIM_SetIC1Prescaler) for TIM_SetIC1Prescaler
    stm32f10x_tim.o(i.TIM_PWMIConfig) refers to stm32f10x_tim.o(i.TI2_Config) for TI2_Config
    stm32f10x_tim.o(i.TIM_PWMIConfig) refers to stm32f10x_tim.o(i.TIM_SetIC2Prescaler) for TIM_SetIC2Prescaler
    stm32f10x_tim.o(i.TIM_TIxExternalClockConfig) refers to stm32f10x_tim.o(i.TI2_Config) for TI2_Config
    stm32f10x_tim.o(i.TIM_TIxExternalClockConfig) refers to stm32f10x_tim.o(i.TI1_Config) for TI1_Config
    stm32f10x_tim.o(i.TIM_TIxExternalClockConfig) refers to stm32f10x_tim.o(i.TIM_SelectInputTrigger) for TIM_SelectInputTrigger
    stm32f10x_usart.o(i.USART_DeInit) refers to stm32f10x_rcc.o(i.RCC_APB2PeriphResetCmd) for RCC_APB2PeriphResetCmd
    stm32f10x_usart.o(i.USART_DeInit) refers to stm32f10x_rcc.o(i.RCC_APB1PeriphResetCmd) for RCC_APB1PeriphResetCmd
    stm32f10x_usart.o(i.USART_Init) refers to stm32f10x_rcc.o(i.RCC_GetClocksFreq) for RCC_GetClocksFreq
    stm32f10x_adc.o(i.ADC_DeInit) refers to stm32f10x_rcc.o(i.RCC_APB2PeriphResetCmd) for RCC_APB2PeriphResetCmd
[...]
    printf3.o(i.__0sprintf$3) refers to printf3.o(i._sputc) for _sputc
    printf3.o(i.__0vfprintf$3) refers to printf3.o(i._printf_core) for _printf_core
    printf3.o(i.__0vfprintf$3) refers to bsp_usart.o(i.fputc) for fputc
    printf3.o(i.__0vprintf$3) refers to printf3.o(i._printf_core) for _printf_core
    printf3.o(i.__0vprintf$3) refers to bsp_usart.o(i.fputc) for fputc
    printf3.o(i.__0vprintf$3) refers to bsp_usart.o(.data) for __stdout
    printf3.o(i.__0vsnprintf$3) refers to printf3.o(i._printf_core) for _printf_core
    printf3.o(i.__0vsnprintf$3) refers to printf3.o(i._snputc) for _snputc
    printf3.o(i.__0vsprintf$3) refers to printf3.o(i._printf_core) for _printf_core
    printf3.o(i.__0vsprintf$3) refers to printf3.o(i._sputc) for _sputc
    printf3.o(i._printf_core) refers to uidiv.o(.text) for __aeabi_uidivmod
    printf4.o(i.__0fprintf$4) refers to printf4.o(i._printf_core) for _printf_core
    printf4.o(i.__0fprintf$4) refers to bsp_usart.o(i.fputc) for fputc
    printf4.o(i.__0printf$4) refers to printf4.o(i._printf_core) for _printf_core
    printf4.o(i.__0printf$4) refers to bsp_usart.o(i.fputc) for fputc
    printf4.o(i.__0printf$4) refers to bsp_usart.o(.data) for __stdout
    printf4.o(i.__0snprintf$4) refers to printf4.o(i._printf_core) for _printf_core
    printf4.o(i.__0snprintf$4) refers to printf4.o(i._snputc) for _snputc
    printf4.o(i.__0sprintf$4) refers to printf4.o(i._printf_core) for _printf_core
    printf4.o(i.__0sprintf$4) refers to printf4.o(i._sputc) for _sputc
    printf4.o(i.__0vfprintf$4) refers to printf4.o(i._printf_core) for _printf_core
    printf4.o(i.__0vfprintf$4) refers to bsp_usart.o(i.fputc) for fputc
    printf4.o(i.__0vprintf$4) refers to printf4.o(i._printf_core) for _printf_core
    printf4.o(i.__0vprintf$4) refers to bsp_usart.o(i.fputc) for fputc
    printf4.o(i.__0vprintf$4) refers to bsp_usart.o(.data) for __stdout
    printf4.o(i.__0vsnprintf$4) refers to printf4.o(i._printf_core) for _printf_core
    printf4.o(i.__0vsnprintf$4) refers to printf4.o(i._snputc) for _snputc
    printf4.o(i.__0vsprintf$4) refers to printf4.o(i._printf_core) for _printf_core
    printf4.o(i.__0vsprintf$4) refers to printf4.o(i._sputc) for _sputc
    printf4.o(i._printf_core) refers to uldiv.o(.text) for __aeabi_uldivmod
    printf5.o(i.__0fprintf$5) refers to printf5.o(i._printf_core) for _printf_core
    printf5.o(i.__0fprintf$5) refers to bsp_usart.o(i.fputc) for fputc
    printf5.o(i.__0printf$5) refers to printf5.o(i._printf_core) for _printf_core
    printf5.o(i.__0printf$5) refers to bsp_usart.o(i.fputc) for fputc
    printf5.o(i.__0printf$5) refers to bsp_usart.o(.data) for __stdout
    printf5.o(i.__0snprintf$5) refers to printf5.o(i._printf_core) for _printf_core
    printf5.o(i.__0snprintf$5) refers to printf5.o(i._snputc) for _snputc
    printf5.o(i.__0sprintf$5) refers to printf5.o(i._printf_core) for _printf_core
    printf5.o(i.__0sprintf$5) refers to printf5.o(i._sputc) for _sputc
    printf5.o(i.__0vfprintf$5) refers to printf5.o(i._printf_core) for _printf_core
    printf5.o(i.__0vfprintf$5) refers to bsp_usart.o(i.fputc) for fputc
    printf5.o(i.__0vprintf$5) refers to printf5.o(i._printf_core) for _printf_core
    printf5.o(i.__0vprintf$5) refers to bsp_usart.o(i.fputc) for fputc
    printf5.o(i.__0vprintf$5) refers to bsp_usart.o(.data) for __stdout
    printf5.o(i.__0vsnprintf$5) refers to printf5.o(i._printf_core) for _printf_core
    printf5.o(i.__0vsnprintf$5) refers to printf5.o(i._snputc) for _snputc
    printf5.o(i.__0vsprintf$5) refers to printf5.o(i._printf_core) for _printf_core
    printf5.o(i.__0vsprintf$5) refers to printf5.o(i._sputc) for _sputc
    printf5.o(i._printf_core) refers to uldiv.o(.text) for __aeabi_uldivmod
    printf6.o(i.__0fprintf$6) refers to printf6.o(i._printf_core) for _printf_core
    printf6.o(i.__0fprintf$6) refers to bsp_usart.o(i.fputc) for fputc
    printf6.o(i.__0printf$6) refers to printf6.o(i._printf_core) for _printf_core
    printf6.o(i.__0printf$6) refers to bsp_usart.o(i.fputc) for fputc
    printf6.o(i.__0printf$6) refers to bsp_usart.o(.data) for __stdout
    printf6.o(i.__0snprintf$6) refers to printf6.o(i._printf_core) for _printf_core
    printf6.o(i.__0snprintf$6) refers to printf6.o(i._snputc) for _snputc
    printf6.o(i.__0sprintf$6) refers to printf6.o(i._printf_core) for _printf_core
    printf6.o(i.__0sprintf$6) refers to printf6.o(i._sputc) for _sputc
    printf6.o(i.__0vfprintf$6) refers to printf6.o(i._printf_core) for _printf_core
    printf6.o(i.__0vfprintf$6) refers to bsp_usart.o(i.fputc) for fputc
    printf6.o(i.__0vprintf$6) refers to printf6.o(i._printf_core) for _printf_core
    printf6.o(i.__0vprintf$6) refers to bsp_usart.o(i.fputc) for fputc
    printf6.o(i.__0vprintf$6) refers to bsp_usart.o(.data) for __stdout
    printf6.o(i.__0vsnprintf$6) refers to printf6.o(i._printf_core) for _printf_core
    printf6.o(i.__0vsnprintf$6) refers to printf6.o(i._snputc) for _snputc
    printf6.o(i.__0vsprintf$6) refers to printf6.o(i._printf_core) for _printf_core
    printf6.o(i.__0vsprintf$6) refers to printf6.o(i._sputc) for _sputc
    printf6.o(i._printf_core) refers to printf6.o(i._printf_pre_padding) for _printf_pre_padding
    printf6.o(i._printf_core) refers to uidiv.o(.text) for __aeabi_uidivmod
    printf6.o(i._printf_core) refers to printf6.o(i._printf_post_padding) for _printf_post_padding
    printf7.o(i.__0fprintf$7) refers to printf7.o(i._printf_core) for _printf_core
    printf7.o(i.__0fprintf$7) refers to bsp_usart.o(i.fputc) for fputc
    printf7.o(i.__0printf$7) refers to printf7.o(i._printf_core) for _printf_core
    printf7.o(i.__0printf$7) refers to bsp_usart.o(i.fputc) for fputc
    printf7.o(i.__0printf$7) refers to bsp_usart.o(.data) for __stdout
    printf7.o(i.__0snprintf$7) refers to printf7.o(i._printf_core) for _printf_core
    printf7.o(i.__0snprintf$7) refers to printf7.o(i._snputc) for _snputc
    printf7.o(i.__0sprintf$7) refers to printf7.o(i._printf_core) for _printf_core
    printf7.o(i.__0sprintf$7) refers to printf7.o(i._sputc) for _sputc
    printf7.o(i.__0vfprintf$7) refers to printf7.o(i._printf_core) for _printf_core
    printf7.o(i.__0vfprintf$7) refers to bsp_usart.o(i.fputc) for fputc
    printf7.o(i.__0vprintf$7) refers to printf7.o(i._printf_core) for _printf_core
    printf7.o(i.__0vprintf$7) refers to bsp_usart.o(i.fputc) for fputc
    printf7.o(i.__0vprintf$7) refers to bsp_usart.o(.data) for __stdout
    printf7.o(i.__0vsnprintf$7) refers to printf7.o(i._printf_core) for _printf_core
    printf7.o(i.__0vsnprintf$7) refers to printf7.o(i._snputc) for _snputc
    printf7.o(i.__0vsprintf$7) refers to printf7.o(i._printf_core) for _printf_core
    printf7.o(i.__0vsprintf$7) refers to printf7.o(i._sputc) for _sputc
    printf7.o(i._printf_core) refers to printf7.o(i._printf_pre_padding) for _printf_pre_padding
    printf7.o(i._printf_core) refers to uldiv.o(.text) for __aeabi_uldivmod
    printf7.o(i._printf_core) refers to printf7.o(i._printf_post_padding) for _printf_post_padding
    printf8.o(i.__0fprintf$8) refers to printf8.o(i._printf_core) for _printf_core
    printf8.o(i.__0fprintf$8) refers to bsp_usart.o(i.fputc) for fputc
    printf8.o(i.__0printf$8) refers to printf8.o(i._printf_core) for _printf_core
    printf8.o(i.__0printf$8) refers to bsp_usart.o(i.fputc) for fputc
    printf8.o(i.__0printf$8) refers to bsp_usart.o(.data) for __stdout
    printf8.o(i.__0snprintf$8) refers to printf8.o(i._printf_core) for _printf_core
    printf8.o(i.__0snprintf$8) refers to printf8.o(i._snputc) for _snputc
    printf8.o(i.__0sprintf$8) refers to printf8.o(i._printf_core) for _printf_core
    printf8.o(i.__0sprintf$8) refers to printf8.o(i._sputc) for _sputc
    printf8.o(i.__0vfprintf$8) refers to printf8.o(i._printf_core) for _printf_core
    printf8.o(i.__0vfprintf$8) refers to bsp_usart.o(i.fputc) for fputc
    printf8.o(i.__0vprintf$8) refers to printf8.o(i._printf_core) for _printf_core
    printf8.o(i.__0vprintf$8) refers to bsp_usart.o(i.fputc) for fputc
    printf8.o(i.__0vprintf$8) refers to bsp_usart.o(.data) for __stdout
    printf8.o(i.__0vsnprintf$8) refers to printf8.o(i._printf_core) for _printf_core
    printf8.o(i.__0vsnprintf$8) refers to printf8.o(i._snputc) for _snputc
    printf8.o(i.__0vsprintf$8) refers to printf8.o(i._printf_core) for _printf_core
    printf8.o(i.__0vsprintf$8) refers to printf8.o(i._sputc) for _sputc
    printf8.o(i._printf_core) refers to printf8.o(i._printf_pre_padding) for _printf_pre_padding
    printf8.o(i._printf_core) refers to uldiv.o(.text) for __aeabi_uldivmod
    printf8.o(i._printf_core) refers to printf8.o(i._printf_post_padding) for _printf_post_padding
    printfa.o(i.__0fprintf) refers (Special) to iusefp.o(.text) for __I$use$fp
    printfa.o(i.__0fprintf) refers to printfa.o(i._printf_core) for _printf_core
    printfa.o(i.__0fprintf) refers to bsp_usart.o(i.fputc) for fputc
    printfa.o(i.__0printf) refers (Special) to iusefp.o(.text) for __I$use$fp
    printfa.o(i.__0printf) refers to printfa.o(i._printf_core) for _printf_core
    printfa.o(i.__0printf) refers to bsp_usart.o(i.fputc) for fputc
    printfa.o(i.__0printf) refers to bsp_usart.o(.data) for __stdout
    printfa.o(i.__0snprintf) refers (Special) to iusefp.o(.text) for __I$use$fp
    printfa.o(i.__0snprintf) refers to printfa.o(i._printf_core) for _printf_core
    printfa.o(i.__0snprintf) refers to printfa.o(i._snputc) for _snputc
    printfa.o(i.__0sprintf) refers (Special) to iusefp.o(.text) for __I$use$fp
    printfa.o(i.__0sprintf) refers to printfa.o(i._printf_core) for _printf_core
    printfa.o(i.__0sprintf) refers to printfa.o(i._sputc) for _sputc
    printfa.o(i.__0vfprintf) refers (Special) to iusefp.o(.text) for __I$use$fp
    printfa.o(i.__0vfprintf) refers to printfa.o(i._printf_core) for _printf_core
    printfa.o(i.__0vfprintf) refers to bsp_usart.o(i.fputc) for fputc
    printfa.o(i.__0vprintf) refers (Special) to iusefp.o(.text) for __I$use$fp
    printfa.o(i.__0vprintf) refers to printfa.o(i._printf_core) for _printf_core
    printfa.o(i.__0vprintf) refers to bsp_usart.o(i.fputc) for fputc
    printfa.o(i.__0vprintf) refers to bsp_usart.o(.data) for __stdout
    printfa.o(i.__0vsnprintf) refers (Special) to iusefp.o(.text) for __I$use$fp
    printfa.o(i.__0vsnprintf) refers to printfa.o(i._printf_core) for _printf_core
    printfa.o(i.__0vsnprintf) refers to printfa.o(i._snputc) for _snputc
    printfa.o(i.__0vsprintf) refers (Special) to iusefp.o(.text) for __I$use$fp
    printfa.o(i.__0vsprintf) refers to printfa.o(i._printf_core) for _printf_core
    printfa.o(i.__0vsprintf) refers to printfa.o(i._sputc) for _sputc
    printfa.o(i._fp_digits) refers (Special) to iusefp.o(.text) for __I$use$fp
    printfa.o(i._fp_digits) refers to dmul.o(.text) for __aeabi_dmul
    printfa.o(i._fp_digits) refers to ddiv.o(.text) for __aeabi_ddiv
    printfa.o(i._fp_digits) refers to cdrcmple.o(.text) for __aeabi_cdrcmple
    printfa.o(i._fp_digits) refers to dadd.o(.text) for __aeabi_dadd
    printfa.o(i._fp_digits) refers to dfixul.o(.text) for __aeabi_d2ulz
    printfa.o(i._fp_digits) refers to uldiv.o(.text) for __aeabi_uldivmod
    printfa.o(i._printf_core) refers (Special) to iusefp.o(.text) for __I$use$fp
    printfa.o(i._printf_core) refers to printfa.o(i._printf_pre_padding) for _printf_pre_padding
    printfa.o(i._printf_core) refers to uldiv.o(.text) for __aeabi_uldivmod
    printfa.o(i._printf_core) refers to printfa.o(i._printf_post_padding) for _printf_post_padding
    printfa.o(i._printf_core) refers to printfa.o(i._fp_digits) for _fp_digits
    printfa.o(i._printf_core) refers to uidiv.o(.text) for __aeabi_uidivmod
    printfa.o(i._printf_post_padding) refers (Special) to iusefp.o(.text) for __I$use$fp
    printfa.o(i._printf_pre_padding) refers (Special) to iusefp.o(.text) for __I$use$fp
    printfa.o(i._snputc) refers (Special) to iusefp.o(.text) for __I$use$fp
    printfa.o(i._sputc) refers (Special) to iusefp.o(.text) for __I$use$fp
    entry2.o(.ARM.Collect$$$$00000001) refers to entry2.o(.ARM.Collect$$$$00002712) for __lit__00000000
    entry2.o(.ARM.Collect$$$$00002712) refers to startup_stm32f10x_md.o(STACK) for __initial_sp
    entry2.o(__vectab_stack_and_reset_area) refers to startup_stm32f10x_md.o(STACK) for __initial_sp
    entry2.o(__vectab_stack_and_reset_area) refers to entry.o(.ARM.Collect$$$$00000000) for __main
    entry5.o(.ARM.Collect$$$$00000004) refers to init.o(.text) for __scatterload
    entry9a.o(.ARM.Collect$$$$0000000B) refers to main.o(i.main) for main
    entry9b.o(.ARM.Collect$$$$0000000C) refers to main.o(i.main) for main
    uldiv.o(.text) refers to llushr.o(.text) for __aeabi_llsr
    uldiv.o(.text) refers to llshl.o(.text) for __aeabi_llsl
    dadd.o(.text) refers to llshl.o(.text) for __aeabi_llsl
    dadd.o(.text) refers to llsshr.o(.text) for __aeabi_lasr
    dadd.o(.text) refers to depilogue.o(.text) for _double_epilogue
    dmul.o(.text) refers to depilogue.o(.text) for _double_epilogue
    ddiv.o(.text) refers to depilogue.o(.text) for _double_round
    dfixul.o(.text) refers to llushr.o(.text) for __aeabi_llsr
    dfixul.o(.text) refers to llshl.o(.text) for __aeabi_llsl
    init.o(.text) refers to entry5.o(.ARM.Collect$$$$00000004) for __main_after_scatterload
    depilogue.o(.text) refers to llshl.o(.text) for __aeabi_llsl
    depilogue.o(.text) refers to llushr.o(.text) for __aeabi_llsr


==============================================================================

Removing Unused input sections from the image.

    Removing startup_stm32f10x_md.o(HEAP), (512 bytes).
    Removing core_cm3.o(.emb_text), (32 bytes).
    Removing system_stm32f10x.o(i.SystemCoreClockUpdate), (164 bytes).
    Removing misc.o(i.NVIC_SetVectorTable), (20 bytes).
    Removing misc.o(i.NVIC_SystemLPConfig), (32 bytes).
    Removing stm32f10x_exti.o(i.EXTI_ClearFlag), (12 bytes).
    Removing stm32f10x_exti.o(i.EXTI_ClearITPendingBit), (12 bytes).
    Removing stm32f10x_exti.o(i.EXTI_DeInit), (36 bytes).
    Removing stm32f10x_exti.o(i.EXTI_GenerateSWInterrupt), (16 bytes).
    Removing stm32f10x_exti.o(i.EXTI_GetFlagStatus), (24 bytes).
    Removing stm32f10x_exti.o(i.EXTI_GetITStatus), (40 bytes).
    Removing stm32f10x_exti.o(i.EXTI_Init), (148 bytes).
    Removing stm32f10x_exti.o(i.EXTI_StructInit), (16 bytes).
    Removing stm32f10x_gpio.o(i.GPIO_AFIODeInit), (20 bytes).
    Removing stm32f10x_gpio.o(i.GPIO_DeInit), (200 bytes).
    Removing stm32f10x_gpio.o(i.GPIO_ETH_MediaInterfaceConfig), (12 bytes).
    Removing stm32f10x_gpio.o(i.GPIO_EXTILineConfig), (64 bytes).
    Removing stm32f10x_gpio.o(i.GPIO_EventOutputCmd), (12 bytes).
    Removing stm32f10x_gpio.o(i.GPIO_EventOutputConfig), (32 bytes).
    Removing stm32f10x_gpio.o(i.GPIO_PinLockConfig), (18 bytes).
    Removing stm32f10x_gpio.o(i.GPIO_ReadInputData), (8 bytes).
    Removing stm32f10x_gpio.o(i.GPIO_ReadOutputData), (8 bytes).
    Removing stm32f10x_gpio.o(i.GPIO_ReadOutputDataBit), (18 bytes).
    Removing stm32f10x_gpio.o(i.GPIO_StructInit), (16 bytes).
    Removing stm32f10x_gpio.o(i.GPIO_Write), (4 bytes).
    Removing stm32f10x_gpio.o(i.GPIO_WriteBit), (10 bytes).
    Removing stm32f10x_rcc.o(i.RCC_AdjustHSICalibrationValue), (24 bytes).
    Removing stm32f10x_rcc.o(i.RCC_BackupResetCmd), (12 bytes).
    Removing stm32f10x_rcc.o(i.RCC_ClearFlag), (20 bytes).
    Removing stm32f10x_rcc.o(i.RCC_ClearITPendingBit), (12 bytes).
    Removing stm32f10x_rcc.o(i.RCC_ClockSecuritySystemCmd), (12 bytes).
    Removing stm32f10x_rcc.o(i.RCC_DeInit), (76 bytes).
    Removing stm32f10x_rcc.o(i.RCC_GetFlagStatus), (60 bytes).
    Removing stm32f10x_rcc.o(i.RCC_GetITStatus), (24 bytes).
    Removing stm32f10x_rcc.o(i.RCC_GetSYSCLKSource), (16 bytes).
    Removing stm32f10x_rcc.o(i.RCC_HCLKConfig), (24 bytes).
    Removing stm32f10x_rcc.o(i.RCC_HSEConfig), (76 bytes).
    Removing stm32f10x_rcc.o(i.RCC_HSICmd), (12 bytes).
    Removing stm32f10x_rcc.o(i.RCC_ITConfig), (32 bytes).
    Removing stm32f10x_rcc.o(i.RCC_LSEConfig), (52 bytes).
    Removing stm32f10x_rcc.o(i.RCC_LSICmd), (12 bytes).
    Removing stm32f10x_rcc.o(i.RCC_MCOConfig), (12 bytes).
    Removing stm32f10x_rcc.o(i.RCC_PCLK1Config), (24 bytes).
    Removing stm32f10x_rcc.o(i.RCC_PCLK2Config), (24 bytes).
    Removing stm32f10x_rcc.o(i.RCC_PLLCmd), (12 bytes).
    Removing stm32f10x_rcc.o(i.RCC_PLLConfig), (28 bytes).
    Removing stm32f10x_rcc.o(i.RCC_RTCCLKCmd), (12 bytes).
    Removing stm32f10x_rcc.o(i.RCC_RTCCLKConfig), (16 bytes).
    Removing stm32f10x_rcc.o(i.RCC_SYSCLKConfig), (24 bytes).
    Removing stm32f10x_rcc.o(i.RCC_USBCLKConfig), (12 bytes).
    Removing stm32f10x_rcc.o(i.RCC_WaitForHSEStartUp), (56 bytes).
    Removing stm32f10x_tim.o(i.TI1_Config), (128 bytes).
    Removing stm32f10x_tim.o(i.TI2_Config), (152 bytes).
    Removing stm32f10x_tim.o(i.TI3_Config), (144 bytes).
    Removing stm32f10x_tim.o(i.TI4_Config), (152 bytes).
    Removing stm32f10x_tim.o(i.TIM_ARRPreloadConfig), (24 bytes).
    Removing stm32f10x_tim.o(i.TIM_BDTRConfig), (32 bytes).
    Removing stm32f10x_tim.o(i.TIM_BDTRStructInit), (18 bytes).
    Removing stm32f10x_tim.o(i.TIM_CCPreloadControl), (24 bytes).
    Removing stm32f10x_tim.o(i.TIM_CCxCmd), (30 bytes).
    Removing stm32f10x_tim.o(i.TIM_CCxNCmd), (30 bytes).
    Removing stm32f10x_tim.o(i.TIM_ClearFlag), (6 bytes).
    Removing stm32f10x_tim.o(i.TIM_ClearITPendingBit), (6 bytes).
    Removing stm32f10x_tim.o(i.TIM_ClearOC1Ref), (18 bytes).
    Removing stm32f10x_tim.o(i.TIM_ClearOC2Ref), (24 bytes).
    Removing stm32f10x_tim.o(i.TIM_ClearOC3Ref), (18 bytes).
    Removing stm32f10x_tim.o(i.TIM_ClearOC4Ref), (24 bytes).
    Removing stm32f10x_tim.o(i.TIM_Cmd), (24 bytes).
    Removing stm32f10x_tim.o(i.TIM_CounterModeConfig), (18 bytes).
    Removing stm32f10x_tim.o(i.TIM_CtrlPWMOutputs), (30 bytes).
    Removing stm32f10x_tim.o(i.TIM_DMACmd), (18 bytes).
    Removing stm32f10x_tim.o(i.TIM_DMAConfig), (10 bytes).
    Removing stm32f10x_tim.o(i.TIM_DeInit), (488 bytes).
    Removing stm32f10x_tim.o(i.TIM_ETRClockMode1Config), (54 bytes).
    Removing stm32f10x_tim.o(i.TIM_ETRClockMode2Config), (32 bytes).
    Removing stm32f10x_tim.o(i.TIM_ETRConfig), (28 bytes).
    Removing stm32f10x_tim.o(i.TIM_EncoderInterfaceConfig), (66 bytes).
    Removing stm32f10x_tim.o(i.TIM_ForcedOC1Config), (18 bytes).
    Removing stm32f10x_tim.o(i.TIM_ForcedOC2Config), (26 bytes).
    Removing stm32f10x_tim.o(i.TIM_ForcedOC3Config), (18 bytes).
    Removing stm32f10x_tim.o(i.TIM_ForcedOC4Config), (26 bytes).
    Removing stm32f10x_tim.o(i.TIM_GenerateEvent), (4 bytes).
    Removing stm32f10x_tim.o(i.TIM_GetCapture1), (6 bytes).
    Removing stm32f10x_tim.o(i.TIM_GetCapture2), (6 bytes).
    Removing stm32f10x_tim.o(i.TIM_GetCapture3), (6 bytes).
    Removing stm32f10x_tim.o(i.TIM_GetCapture4), (8 bytes).
    Removing stm32f10x_tim.o(i.TIM_GetCounter), (6 bytes).
    Removing stm32f10x_tim.o(i.TIM_GetFlagStatus), (18 bytes).
    Removing stm32f10x_tim.o(i.TIM_GetITStatus), (34 bytes).
    Removing stm32f10x_tim.o(i.TIM_GetPrescaler), (6 bytes).
    Removing stm32f10x_tim.o(i.TIM_ICInit), (172 bytes).
    Removing stm32f10x_tim.o(i.TIM_ICStructInit), (18 bytes).
    Removing stm32f10x_tim.o(i.TIM_ITConfig), (18 bytes).
    Removing stm32f10x_tim.o(i.TIM_ITRxExternalClockConfig), (24 bytes).
    Removing stm32f10x_tim.o(i.TIM_InternalClockConfig), (12 bytes).
    Removing stm32f10x_tim.o(i.TIM_OC1FastConfig), (18 bytes).
    Removing stm32f10x_tim.o(i.TIM_OC1Init), (152 bytes).
    Removing stm32f10x_tim.o(i.TIM_OC1NPolarityConfig), (18 bytes).
    Removing stm32f10x_tim.o(i.TIM_OC1PolarityConfig), (18 bytes).
    Removing stm32f10x_tim.o(i.TIM_OC1PreloadConfig), (18 bytes).
    Removing stm32f10x_tim.o(i.TIM_OC2FastConfig), (26 bytes).
    Removing stm32f10x_tim.o(i.TIM_OC2Init), (164 bytes).
    Removing stm32f10x_tim.o(i.TIM_OC2NPolarityConfig), (26 bytes).
    Removing stm32f10x_tim.o(i.TIM_OC2PolarityConfig), (26 bytes).
    Removing stm32f10x_tim.o(i.TIM_OC2PreloadConfig), (26 bytes).
    Removing stm32f10x_tim.o(i.TIM_OC3FastConfig), (18 bytes).
    Removing stm32f10x_tim.o(i.TIM_OC3Init), (160 bytes).
    Removing stm32f10x_tim.o(i.TIM_OC3NPolarityConfig), (26 bytes).
    Removing stm32f10x_tim.o(i.TIM_OC3PolarityConfig), (26 bytes).
    Removing stm32f10x_tim.o(i.TIM_OC3PreloadConfig), (18 bytes).
    Removing stm32f10x_tim.o(i.TIM_OC4FastConfig), (26 bytes).
    Removing stm32f10x_tim.o(i.TIM_OC4Init), (124 bytes).
    Removing stm32f10x_tim.o(i.TIM_OC4PolarityConfig), (26 bytes).
    Removing stm32f10x_tim.o(i.TIM_OC4PreloadConfig), (26 bytes).
    Removing stm32f10x_tim.o(i.TIM_OCStructInit), (20 bytes).
    Removing stm32f10x_tim.o(i.TIM_PWMIConfig), (124 bytes).
    Removing stm32f10x_tim.o(i.TIM_PrescalerConfig), (6 bytes).
    Removing stm32f10x_tim.o(i.TIM_SelectCCDMA), (24 bytes).
    Removing stm32f10x_tim.o(i.TIM_SelectCOM), (24 bytes).
    Removing stm32f10x_tim.o(i.TIM_SelectHallSensor), (24 bytes).
    Removing stm32f10x_tim.o(i.TIM_SelectInputTrigger), (18 bytes).
    Removing stm32f10x_tim.o(i.TIM_SelectMasterSlaveMode), (18 bytes).
    Removing stm32f10x_tim.o(i.TIM_SelectOCxM), (82 bytes).
    Removing stm32f10x_tim.o(i.TIM_SelectOnePulseMode), (18 bytes).
    Removing stm32f10x_tim.o(i.TIM_SelectOutputTrigger), (18 bytes).
    Removing stm32f10x_tim.o(i.TIM_SelectSlaveMode), (18 bytes).
    Removing stm32f10x_tim.o(i.TIM_SetAutoreload), (4 bytes).
    Removing stm32f10x_tim.o(i.TIM_SetClockDivision), (18 bytes).
    Removing stm32f10x_tim.o(i.TIM_SetCompare1), (4 bytes).
    Removing stm32f10x_tim.o(i.TIM_SetCompare2), (4 bytes).
    Removing stm32f10x_tim.o(i.TIM_SetCompare3), (4 bytes).
    Removing stm32f10x_tim.o(i.TIM_SetCompare4), (6 bytes).
    Removing stm32f10x_tim.o(i.TIM_SetCounter), (4 bytes).
    Removing stm32f10x_tim.o(i.TIM_SetIC1Prescaler), (18 bytes).
    Removing stm32f10x_tim.o(i.TIM_SetIC2Prescaler), (26 bytes).
    Removing stm32f10x_tim.o(i.TIM_SetIC3Prescaler), (18 bytes).
    Removing stm32f10x_tim.o(i.TIM_SetIC4Prescaler), (26 bytes).
    Removing stm32f10x_tim.o(i.TIM_TIxExternalClockConfig), (62 bytes).
    Removing stm32f10x_tim.o(i.TIM_TimeBaseInit), (164 bytes).
    Removing stm32f10x_tim.o(i.TIM_TimeBaseStructInit), (18 bytes).
    Removing stm32f10x_tim.o(i.TIM_UpdateDisableConfig), (24 bytes).
    Removing stm32f10x_tim.o(i.TIM_UpdateRequestConfig), (24 bytes).
    Removing stm32f10x_usart.o(i.USART_ClearITPendingBit), (30 bytes).
    Removing stm32f10x_usart.o(i.USART_ClockInit), (34 bytes).
    Removing stm32f10x_usart.o(i.USART_ClockStructInit), (12 bytes).
    Removing stm32f10x_usart.o(i.USART_DMACmd), (18 bytes).
    Removing stm32f10x_usart.o(i.USART_GetFlagStatus), (26 bytes).
    Removing stm32f10x_usart.o(i.USART_HalfDuplexCmd), (24 bytes).
    Removing stm32f10x_usart.o(i.USART_IrDACmd), (24 bytes).
    Removing stm32f10x_usart.o(i.USART_IrDAConfig), (18 bytes).
    Removing stm32f10x_usart.o(i.USART_LINBreakDetectLengthConfig), (18 bytes).
    Removing stm32f10x_usart.o(i.USART_LINCmd), (24 bytes).
    Removing stm32f10x_usart.o(i.USART_OneBitMethodCmd), (24 bytes).
    Removing stm32f10x_usart.o(i.USART_OverSampling8Cmd), (22 bytes).
    Removing stm32f10x_usart.o(i.USART_ReceiverWakeUpCmd), (24 bytes).
    Removing stm32f10x_usart.o(i.USART_SendBreak), (10 bytes).
    Removing stm32f10x_usart.o(i.USART_SendData), (8 bytes).
    Removing stm32f10x_usart.o(i.USART_SetAddress), (18 bytes).
    Removing stm32f10x_usart.o(i.USART_SetGuardTime), (16 bytes).
    Removing stm32f10x_usart.o(i.USART_SetPrescaler), (16 bytes).
    Removing stm32f10x_usart.o(i.USART_SmartCardCmd), (24 bytes).
    Removing stm32f10x_usart.o(i.USART_SmartCardNACKCmd), (24 bytes).
    Removing stm32f10x_usart.o(i.USART_StructInit), (24 bytes).
    Removing stm32f10x_usart.o(i.USART_WakeUpConfig), (18 bytes).
    Removing stm32f10x_dma.o(i.DMA_ClearFlag), (28 bytes).
    Removing stm32f10x_dma.o(i.DMA_ClearITPendingBit), (28 bytes).
    Removing stm32f10x_dma.o(i.DMA_GetCurrDataCounter), (8 bytes).
    Removing stm32f10x_dma.o(i.DMA_GetFlagStatus), (44 bytes).
    Removing stm32f10x_dma.o(i.DMA_GetITStatus), (44 bytes).
    Removing stm32f10x_dma.o(i.DMA_ITConfig), (18 bytes).
    Removing stm32f10x_dma.o(i.DMA_SetCurrDataCounter), (4 bytes).
    Removing stm32f10x_dma.o(i.DMA_StructInit), (26 bytes).
    Removing stm32f10x_adc.o(i.ADC_AnalogWatchdogCmd), (20 bytes).
    Removing stm32f10x_adc.o(i.ADC_AnalogWatchdogSingleChannelConfig), (16 bytes).
    Removing stm32f10x_adc.o(i.ADC_AnalogWatchdogThresholdsConfig), (6 bytes).
    Removing stm32f10x_adc.o(i.ADC_AutoInjectedConvCmd), (22 bytes).
    Removing stm32f10x_adc.o(i.ADC_ClearFlag), (6 bytes).
    Removing stm32f10x_adc.o(i.ADC_ClearITPendingBit), (10 bytes).
    Removing stm32f10x_adc.o(i.ADC_DeInit), (92 bytes).
    Removing stm32f10x_adc.o(i.ADC_DiscModeChannelCountConfig), (24 bytes).
    Removing stm32f10x_adc.o(i.ADC_DiscModeCmd), (22 bytes).
    Removing stm32f10x_adc.o(i.ADC_ExternalTrigConvCmd), (22 bytes).
    Removing stm32f10x_adc.o(i.ADC_ExternalTrigInjectedConvCmd), (22 bytes).
    Removing stm32f10x_adc.o(i.ADC_ExternalTrigInjectedConvConfig), (16 bytes).
    Removing stm32f10x_adc.o(i.ADC_GetConversionValue), (8 bytes).
    Removing stm32f10x_adc.o(i.ADC_GetDualModeConversionValue), (12 bytes).
    Removing stm32f10x_adc.o(i.ADC_GetFlagStatus), (18 bytes).
    Removing stm32f10x_adc.o(i.ADC_GetITStatus), (36 bytes).
    Removing stm32f10x_adc.o(i.ADC_GetInjectedConversionValue), (28 bytes).
    Removing stm32f10x_adc.o(i.ADC_GetSoftwareStartConvStatus), (20 bytes).
    Removing stm32f10x_adc.o(i.ADC_GetSoftwareStartInjectedConvCmdStatus), (20 bytes).
    Removing stm32f10x_adc.o(i.ADC_ITConfig), (24 bytes).
    Removing stm32f10x_adc.o(i.ADC_InjectedChannelConfig), (130 bytes).
    Removing stm32f10x_adc.o(i.ADC_InjectedDiscModeCmd), (22 bytes).
    Removing stm32f10x_adc.o(i.ADC_InjectedSequencerLengthConfig), (24 bytes).
    Removing stm32f10x_adc.o(i.ADC_SetInjectedOffset), (20 bytes).
    Removing stm32f10x_adc.o(i.ADC_SoftwareStartInjectedConvCmd), (22 bytes).
    Removing stm32f10x_adc.o(i.ADC_StructInit), (18 bytes).
    Removing stm32f10x_adc.o(i.ADC_TempSensorVrefintCmd), (36 bytes).
    Removing stm32f10x_bkp.o(i.BKP_ClearFlag), (20 bytes).
    Removing stm32f10x_bkp.o(i.BKP_ClearITPendingBit), (20 bytes).
    Removing stm32f10x_bkp.o(i.BKP_DeInit), (16 bytes).
    Removing stm32f10x_bkp.o(i.BKP_GetFlagStatus), (12 bytes).
    Removing stm32f10x_bkp.o(i.BKP_GetITStatus), (12 bytes).
    Removing stm32f10x_bkp.o(i.BKP_ITConfig), (12 bytes).
    Removing stm32f10x_bkp.o(i.BKP_RTCOutputConfig), (28 bytes).
    Removing stm32f10x_bkp.o(i.BKP_ReadBackupRegister), (28 bytes).
    Removing stm32f10x_bkp.o(i.BKP_SetRTCCalibrationValue), (28 bytes).
    Removing stm32f10x_bkp.o(i.BKP_TamperPinCmd), (12 bytes).
    Removing stm32f10x_bkp.o(i.BKP_TamperPinLevelConfig), (12 bytes).
    Removing stm32f10x_bkp.o(i.BKP_WriteBackupRegister), (28 bytes).
    Removing stm32f10x_pwr.o(i.PWR_BackupAccessCmd), (12 bytes).
    Removing stm32f10x_pwr.o(i.PWR_ClearFlag), (20 bytes).
    Removing stm32f10x_pwr.o(i.PWR_DeInit), (22 bytes).
    Removing stm32f10x_pwr.o(i.PWR_EnterSTANDBYMode), (52 bytes).
    Removing stm32f10x_pwr.o(i.PWR_EnterSTOPMode), (64 bytes).
    Removing stm32f10x_pwr.o(i.PWR_GetFlagStatus), (24 bytes).
    Removing stm32f10x_pwr.o(i.PWR_PVDCmd), (12 bytes).
    Removing stm32f10x_pwr.o(i.PWR_PVDLevelConfig), (24 bytes).
    Removing stm32f10x_pwr.o(i.PWR_WakeUpPinCmd), (12 bytes).
    Removing stm32f10x_iwdg.o(i.IWDG_Enable), (16 bytes).
    Removing stm32f10x_iwdg.o(i.IWDG_GetFlagStatus), (24 bytes).
    Removing stm32f10x_iwdg.o(i.IWDG_ReloadCounter), (16 bytes).
    Removing stm32f10x_iwdg.o(i.IWDG_SetPrescaler), (12 bytes).
    Removing stm32f10x_iwdg.o(i.IWDG_SetReload), (12 bytes).
    Removing stm32f10x_iwdg.o(i.IWDG_WriteAccessCmd), (12 bytes).
    Removing bsp_usart.o(i.Clear_Buffer_UART1), (32 bytes).
    Removing bsp_usart.o(i.USART1_Send), (26 bytes).
    Removing bsp_usart.o(i.USART1_SendStr), (40 bytes).
    Removing bsp_usart.o(i.USART1_Send_byte), (32 bytes).
    Removing bsp_usart.o(i.USART2_Send), (26 bytes).
    Removing bsp_usart.o(i.USART2_Send_byte), (32 bytes).
    Removing bsp_usart.o(i._sys_exit), (8 bytes).
    Removing oled.o(i.OLED_Display_Off), (28 bytes).
    Removing oled.o(i.OLED_Display_On), (28 bytes).
    Removing oled.o(i.OLED_DrawBMP), (118 bytes).
    Removing oled.o(i.OLED_ShowNum), (132 bytes).
    Removing oled.o(i.oled_pow), (22 bytes).
    Removing bsp_key.o(i.Key_Init), (36 bytes).
    Removing bsp_generaltim.o(i.TIM3_Init), (116 bytes).
    Removing cs_lora.o(i.CSTX_Lora_Send), (76 bytes).
    Removing cs_lora.o(i.Set_Lora_Config_Mode), (32 bytes).
    Removing cs_lora.o(i.cstx_reg_Receive_Data), (196 bytes).
    Removing bsp_led.o(i.LED1_Init), (76 bytes).
    Removing bsp_io.o(i.Beep_Init), (56 bytes).
    Removing bsp_io.o(.data), (4 bytes).
    Removing dadd.o(.text), (334 bytes).
    Removing dmul.o(.text), (228 bytes).
    Removing ddiv.o(.text), (222 bytes).
    Removing dfixul.o(.text), (48 bytes).
    Removing cdrcmple.o(.text), (48 bytes).
    Removing depilogue.o(.text), (186 bytes).

252 unused section(s) (total 10070 bytes) removed from the image.

==============================================================================

Image Symbol Table

    Local Symbols

    Symbol Name                              Value     Ov Type        Size  Object(Section)

    ../clib/microlib/division.c              0x00000000   Number         0  uldiv.o ABSOLUTE
    ../clib/microlib/division.c              0x00000000   Number         0  uidiv.o ABSOLUTE
    ../clib/microlib/init/entry.s            0x00000000   Number         0  entry9a.o ABSOLUTE
    ../clib/microlib/init/entry.s            0x00000000   Number         0  entry.o ABSOLUTE
    ../clib/microlib/init/entry.s            0x00000000   Number         0  entry8b.o ABSOLUTE
    ../clib/microlib/init/entry.s            0x00000000   Number         0  entry2.o ABSOLUTE
    ../clib/microlib/init/entry.s            0x00000000   Number         0  entry5.o ABSOLUTE
    ../clib/microlib/init/entry.s            0x00000000   Number         0  entry7a.o ABSOLUTE
    ../clib/microlib/init/entry.s            0x00000000   Number         0  entry7b.o ABSOLUTE
    ../clib/microlib/init/entry.s            0x00000000   Number         0  entry8a.o ABSOLUTE
    ../clib/microlib/init/entry.s            0x00000000   Number         0  entry9b.o ABSOLUTE
    ../clib/microlib/init/entry.s            0x00000000   Number         0  entry10a.o ABSOLUTE
    ../clib/microlib/init/entry.s            0x00000000   Number         0  entry11b.o ABSOLUTE
    ../clib/microlib/init/entry.s            0x00000000   Number         0  entry10b.o ABSOLUTE
    ../clib/microlib/init/entry.s            0x00000000   Number         0  entry11a.o ABSOLUTE
    ../clib/microlib/longlong.c              0x00000000   Number         0  llsshr.o ABSOLUTE
    ../clib/microlib/longlong.c              0x00000000   Number         0  llushr.o ABSOLUTE
    ../clib/microlib/longlong.c              0x00000000   Number         0  llshl.o ABSOLUTE
    ../clib/microlib/printf/printf.c         0x00000000   Number         0  printf3.o ABSOLUTE
    ../clib/microlib/printf/printf.c         0x00000000   Number         0  printf4.o ABSOLUTE
    ../clib/microlib/printf/printf.c         0x00000000   Number         0  printf6.o ABSOLUTE
    ../clib/microlib/printf/printf.c         0x00000000   Number         0  printf7.o ABSOLUTE
    ../clib/microlib/printf/printf.c         0x00000000   Number         0  printf8.o ABSOLUTE
    ../clib/microlib/printf/printf.c         0x00000000   Number         0  printfa.o ABSOLUTE
    ../clib/microlib/printf/printf.c         0x00000000   Number         0  printf5.o ABSOLUTE
    ../clib/microlib/printf/printf.c         0x00000000   Number         0  printf2.o ABSOLUTE
    ../clib/microlib/printf/printf.c         0x00000000   Number         0  printf1.o ABSOLUTE
    ../clib/microlib/printf/printf.c         0x00000000   Number         0  printf0.o ABSOLUTE
    ../clib/microlib/printf/printf.c         0x00000000   Number         0  printfb.o ABSOLUTE
    ../clib/microlib/printf/stubs.s          0x00000000   Number         0  stubs.o ABSOLUTE
    ../clib/microlib/string/memset.c         0x00000000   Number         0  memseta.o ABSOLUTE
    ../clib/microlib/string/strncmp.c        0x00000000   Number         0  strncmp.o ABSOLUTE
    ../clib/microlib/string/strstr.c         0x00000000   Number         0  strstr.o ABSOLUTE
    ../clib/microlib/stubs.s                 0x00000000   Number         0  useno.o ABSOLUTE
    ../clib/microlib/stubs.s                 0x00000000   Number         0  iusefp.o ABSOLUTE
    ../fplib/microlib/fpadd.c                0x00000000   Number         0  dadd.o ABSOLUTE
    ../fplib/microlib/fpdiv.c                0x00000000   Number         0  ddiv.o ABSOLUTE
    ../fplib/microlib/fpepilogue.c           0x00000000   Number         0  depilogue.o ABSOLUTE
    ../fplib/microlib/fpfix.c                0x00000000   Number         0  dfixul.o ABSOLUTE
    ../fplib/microlib/fpmul.c                0x00000000   Number         0  dmul.o ABSOLUTE
    ..\HARDWARE\ADC\bsp_adc.c                0x00000000   Number         0  bsp_adc.o ABSOLUTE
    ..\HARDWARE\CS_Lora\CS_Lora.c            0x00000000   Number         0  cs_lora.o ABSOLUTE
    ..\HARDWARE\GeneralTim\bsp_GeneralTim.c  0x00000000   Number         0  bsp_generaltim.o ABSOLUTE
    ..\HARDWARE\IO\bsp_io.c                  0x00000000   Number         0  bsp_io.o ABSOLUTE
    ..\HARDWARE\Key\bsp_key.c                0x00000000   Number         0  bsp_key.o ABSOLUTE
    ..\HARDWARE\OLED\oled.c                  0x00000000   Number         0  oled.o ABSOLUTE
    ..\HARDWARE\delay\delay.c                0x00000000   Number         0  delay.o ABSOLUTE
    ..\HARDWARE\dht11\bsp_dht11.c            0x00000000   Number         0  bsp_dht11.o ABSOLUTE
    ..\HARDWARE\led\bsp_led.c                0x00000000   Number         0  bsp_led.o ABSOLUTE
    ..\HARDWARE\usart\bsp_usart.c            0x00000000   Number         0  bsp_usart.o ABSOLUTE
    ..\Libraries\CMSIS\core_cm3.c            0x00000000   Number         0  core_cm3.o ABSOLUTE
    ..\Libraries\CMSIS\startup\startup_stm32f10x_md.s 0x00000000   Number         0  startup_stm32f10x_md.o ABSOLUTE
    ..\Libraries\CMSIS\system_stm32f10x.c    0x00000000   Number         0  system_stm32f10x.o ABSOLUTE
    ..\Libraries\STM32F10x_StdPeriph_Driver\src\misc.c 0x00000000   Number         0  misc.o ABSOLUTE
    ..\Libraries\STM32F10x_StdPeriph_Driver\src\stm32f10x_adc.c 0x00000000   Number         0  stm32f10x_adc.o ABSOLUTE
    ..\Libraries\STM32F10x_StdPeriph_Driver\src\stm32f10x_bkp.c 0x00000000   Number         0  stm32f10x_bkp.o ABSOLUTE
    ..\Libraries\STM32F10x_StdPeriph_Driver\src\stm32f10x_dma.c 0x00000000   Number         0  stm32f10x_dma.o ABSOLUTE
    ..\Libraries\STM32F10x_StdPeriph_Driver\src\stm32f10x_exti.c 0x00000000   Number         0  stm32f10x_exti.o ABSOLUTE
    ..\Libraries\STM32F10x_StdPeriph_Driver\src\stm32f10x_gpio.c 0x00000000   Number         0  stm32f10x_gpio.o ABSOLUTE
    ..\Libraries\STM32F10x_StdPeriph_Driver\src\stm32f10x_iwdg.c 0x00000000   Number         0  stm32f10x_iwdg.o ABSOLUTE
    ..\Libraries\STM32F10x_StdPeriph_Driver\src\stm32f10x_pwr.c 0x00000000   Number         0  stm32f10x_pwr.o ABSOLUTE
    ..\Libraries\STM32F10x_StdPeriph_Driver\src\stm32f10x_rcc.c 0x00000000   Number         0  stm32f10x_rcc.o ABSOLUTE
    ..\Libraries\STM32F10x_StdPeriph_Driver\src\stm32f10x_tim.c 0x00000000   Number         0  stm32f10x_tim.o ABSOLUTE
    ..\Libraries\STM32F10x_StdPeriph_Driver\src\stm32f10x_usart.c 0x00000000   Number         0  stm32f10x_usart.o ABSOLUTE
    ..\User\main.c                           0x00000000   Number         0  main.o ABSOLUTE
    ..\User\stm32f10x_it.c                   0x00000000   Number         0  stm32f10x_it.o ABSOLUTE
    ..\\Libraries\\CMSIS\\core_cm3.c         0x00000000   Number         0  core_cm3.o ABSOLUTE
    cdrcmple.s                               0x00000000   Number         0  cdrcmple.o ABSOLUTE
    dc.s                                     0x00000000   Number         0  dc.o ABSOLUTE
    handlers.s                               0x00000000   Number         0  handlers.o ABSOLUTE
    init.s                                   0x00000000   Number         0  init.o ABSOLUTE
    RESET                                    0x08000000   Section      236  startup_stm32f10x_md.o(RESET)
    .ARM.Collect$$$$00000000                 0x080000ec   Section        0  entry.o(.ARM.Collect$$$$00000000)
    .ARM.Collect$$$$00000001                 0x080000ec   Section        4  entry2.o(.ARM.Collect$$$$00000001)
    .ARM.Collect$$$$00000004                 0x080000f0   Section        4  entry5.o(.ARM.Collect$$$$00000004)
    .ARM.Collect$$$$00000008                 0x080000f4   Section        0  entry7b.o(.ARM.Collect$$$$00000008)
    .ARM.Collect$$$$0000000A                 0x080000f4   Section        0  entry8b.o(.ARM.Collect$$$$0000000A)
    .ARM.Collect$$$$0000000B                 0x080000f4   Section        8  entry9a.o(.ARM.Collect$$$$0000000B)
    .ARM.Collect$$$$0000000D                 0x080000fc   Section        0  entry10a.o(.ARM.Collect$$$$0000000D)
    .ARM.Collect$$$$0000000F                 0x080000fc   Section        0  entry11a.o(.ARM.Collect$$$$0000000F)
    .ARM.Collect$$$$00002712                 0x080000fc   Section        4  entry2.o(.ARM.Collect$$$$00002712)
    __lit__00000000                          0x080000fc   Data           4  entry2.o(.ARM.Collect$$$$00002712)
    .text                                    0x08000100   Section       36  startup_stm32f10x_md.o(.text)
    .text                                    0x08000124   Section        0  memseta.o(.text)
    .text                                    0x08000148   Section        0  strstr.o(.text)
    .text                                    0x0800016c   Section        0  strncmp.o(.text)
    .text                                    0x0800018a   Section        0  uldiv.o(.text)
    .text                                    0x080001ec   Section       36  init.o(.text)
    .text                                    0x08000210   Section        0  llshl.o(.text)
    .text                                    0x0800022e   Section        0  llushr.o(.text)
    i.ADC_Cmd                                0x0800024e   Section        0  stm32f10x_adc.o(i.ADC_Cmd)
    i.ADC_DMACmd                             0x08000264   Section        0  stm32f10x_adc.o(i.ADC_DMACmd)
    i.ADC_GetCalibrationStatus               0x0800027a   Section        0  stm32f10x_adc.o(i.ADC_GetCalibrationStatus)
    i.ADC_GetResetCalibrationStatus          0x0800028e   Section        0  stm32f10x_adc.o(i.ADC_GetResetCalibrationStatus)
    i.ADC_Init                               0x080002a4   Section        0  stm32f10x_adc.o(i.ADC_Init)
    i.ADC_RegularChannelConfig               0x080002f4   Section        0  stm32f10x_adc.o(i.ADC_RegularChannelConfig)
    i.ADC_ResetCalibration                   0x080003ac   Section        0  stm32f10x_adc.o(i.ADC_ResetCalibration)
    i.ADC_SoftwareStartConvCmd               0x080003b6   Section        0  stm32f10x_adc.o(i.ADC_SoftwareStartConvCmd)
    i.ADC_StartCalibration                   0x080003cc   Section        0  stm32f10x_adc.o(i.ADC_StartCalibration)
    i.Apply_Automatic_Lighting               0x080003d8   Section        0  main.o(i.Apply_Automatic_Lighting)
    Apply_Automatic_Lighting                 0x080003d9   Thumb Code    40  main.o(i.Apply_Automatic_Lighting)
    i.BusFault_Handler                       0x0800040c   Section        0  stm32f10x_it.o(i.BusFault_Handler)
    i.CSTX_Lora_M0_M1_Init                   0x08000410   Section        0  cs_lora.o(i.CSTX_Lora_M0_M1_Init)
    i.CSTX_Lora_Receive_Buf_Clear            0x08000470   Section        0  cs_lora.o(i.CSTX_Lora_Receive_Buf_Clear)
    i.CSTX_Lora_Send_String                  0x08000478   Section        0  cs_lora.o(i.CSTX_Lora_Send_String)
    i.CS_OLED_Init                           0x08000484   Section        0  oled.o(i.CS_OLED_Init)
    i.Clear_Buffer_UART2                     0x080005fc   Section        0  bsp_usart.o(i.Clear_Buffer_UART2)
    i.DHT11_GPIO_Config                      0x0800061c   Section        0  bsp_dht11.o(i.DHT11_GPIO_Config)
    DHT11_GPIO_Config                        0x0800061d   Thumb Code    40  bsp_dht11.o(i.DHT11_GPIO_Config)
    i.DHT11_Init                             0x08000648   Section        0  bsp_dht11.o(i.DHT11_Init)
    i.DHT11_Mode_IPU                         0x08000660   Section        0  bsp_dht11.o(i.DHT11_Mode_IPU)
    DHT11_Mode_IPU                           0x08000661   Thumb Code    26  bsp_dht11.o(i.DHT11_Mode_IPU)
    i.DHT11_Mode_Out_PP                      0x08000680   Section        0  bsp_dht11.o(i.DHT11_Mode_Out_PP)
    DHT11_Mode_Out_PP                        0x08000681   Thumb Code    32  bsp_dht11.o(i.DHT11_Mode_Out_PP)
    i.DHT11_ReadByte                         0x080006a4   Section        0  bsp_dht11.o(i.DHT11_ReadByte)
    DHT11_ReadByte                           0x080006a5   Thumb Code    96  bsp_dht11.o(i.DHT11_ReadByte)
    i.DHT11_Read_TempAndHumidity             0x08000708   Section        0  bsp_dht11.o(i.DHT11_Read_TempAndHumidity)
    i.DMA_Cmd                                0x080007b4   Section        0  stm32f10x_dma.o(i.DMA_Cmd)
    i.DMA_DeInit                             0x080007cc   Section        0  stm32f10x_dma.o(i.DMA_DeInit)
    i.DMA_Init                               0x08000918   Section        0  stm32f10x_dma.o(i.DMA_Init)
    i.DebugMon_Handler                       0x08000954   Section        0  stm32f10x_it.o(i.DebugMon_Handler)
    i.Draw_Node_Display                      0x08000958   Section        0  main.o(i.Draw_Node_Display)
    Draw_Node_Display                        0x08000959   Thumb Code   156  main.o(i.Draw_Node_Display)
    i.Fan_Init                               0x08000a74   Section        0  bsp_io.o(i.Fan_Init)
    i.GPIO_Init                              0x08000aa8   Section        0  stm32f10x_gpio.o(i.GPIO_Init)
    i.GPIO_PinRemapConfig                    0x08000bc0   Section        0  stm32f10x_gpio.o(i.GPIO_PinRemapConfig)
    i.GPIO_ReadInputDataBit                  0x08000c50   Section        0  stm32f10x_gpio.o(i.GPIO_ReadInputDataBit)
    i.GPIO_ResetBits                         0x08000c62   Section        0  stm32f10x_gpio.o(i.GPIO_ResetBits)
    i.GPIO_SetBits                           0x08000c66   Section        0  stm32f10x_gpio.o(i.GPIO_SetBits)
    i.Handle_Lora_Command                    0x08000c6c   Section        0  main.o(i.Handle_Lora_Command)
    Handle_Lora_Command                      0x08000c6d   Thumb Code   162  main.o(i.Handle_Lora_Command)
    i.HardFault_Handler                      0x08000d8c   Section        0  stm32f10x_it.o(i.HardFault_Handler)
    i.Infrared_Init                          0x08000d90   Section        0  bsp_io.o(i.Infrared_Init)
    i.LED_Init                               0x08000dbc   Section        0  bsp_io.o(i.LED_Init)
    i.MYADC1_Mode_Config                     0x08000df4   Section        0  bsp_adc.o(i.MYADC1_Mode_Config)
    i.MYADC_GPIO_Config                      0x08000ef0   Section        0  bsp_adc.o(i.MYADC_GPIO_Config)
    i.MYADC_Init                             0x08000f14   Section        0  bsp_adc.o(i.MYADC_Init)
    i.MYGPIO_Init                            0x08000f20   Section        0  bsp_io.o(i.MYGPIO_Init)
    i.MemManage_Handler                      0x08000f34   Section        0  stm32f10x_it.o(i.MemManage_Handler)
    i.NMI_Handler                            0x08000f38   Section        0  stm32f10x_it.o(i.NMI_Handler)
    i.NVIC_Init                              0x08000f3c   Section        0  misc.o(i.NVIC_Init)
    i.NVIC_PriorityGroupConfig               0x08000fac   Section        0  misc.o(i.NVIC_PriorityGroupConfig)
    i.OLED_Clear                             0x08000fc0   Section        0  oled.o(i.OLED_Clear)
    i.OLED_Set_Pos                           0x08001000   Section        0  oled.o(i.OLED_Set_Pos)
    i.OLED_ShowCHinese                       0x08001030   Section        0  oled.o(i.OLED_ShowCHinese)
    OLED_ShowCHinese                         0x08001031   Thumb Code   174  oled.o(i.OLED_ShowCHinese)
    i.OLED_ShowChar                          0x080010e4   Section        0  oled.o(i.OLED_ShowChar)
    i.OLED_ShowString                        0x08001154   Section        0  oled.o(i.OLED_ShowString)
    i.OLED_WR_Byte                           0x080011c4   Section        0  oled.o(i.OLED_WR_Byte)
    i.PendSV_Handler                         0x08001228   Section        0  stm32f10x_it.o(i.PendSV_Handler)
    i.RCC_ADCCLKConfig                       0x0800122c   Section        0  stm32f10x_rcc.o(i.RCC_ADCCLKConfig)
    i.RCC_AHBPeriphClockCmd                  0x08001244   Section        0  stm32f10x_rcc.o(i.RCC_AHBPeriphClockCmd)
    i.RCC_APB1PeriphClockCmd                 0x08001264   Section        0  stm32f10x_rcc.o(i.RCC_APB1PeriphClockCmd)
    i.RCC_APB1PeriphResetCmd                 0x08001284   Section        0  stm32f10x_rcc.o(i.RCC_APB1PeriphResetCmd)
    i.RCC_APB2PeriphClockCmd                 0x080012a4   Section        0  stm32f10x_rcc.o(i.RCC_APB2PeriphClockCmd)
    i.RCC_APB2PeriphResetCmd                 0x080012c4   Section        0  stm32f10x_rcc.o(i.RCC_APB2PeriphResetCmd)
    i.RCC_GetClocksFreq                      0x080012e4   Section        0  stm32f10x_rcc.o(i.RCC_GetClocksFreq)
    i.Read_Sensors                           0x080013b8   Section        0  main.o(i.Read_Sensors)
    Read_Sensors                             0x080013b9   Thumb Code    46  main.o(i.Read_Sensors)
    i.Relay_Init                             0x08001400   Section        0  bsp_io.o(i.Relay_Init)
    i.Relay_Set                              0x08001434   Section        0  main.o(i.Relay_Set)
    Relay_Set                                0x08001435   Thumb Code    32  main.o(i.Relay_Set)
    i.SVC_Handler                            0x0800145c   Section        0  stm32f10x_it.o(i.SVC_Handler)
    i.Send_Ack                               0x08001460   Section        0  main.o(i.Send_Ack)
    Send_Ack                                 0x08001461   Thumb Code    40  main.o(i.Send_Ack)
    i.Send_Telemetry                         0x080014c0   Section        0  main.o(i.Send_Telemetry)
    Send_Telemetry                           0x080014c1   Thumb Code    64  main.o(i.Send_Telemetry)
    i.SetSysClock                            0x08001550   Section        0  system_stm32f10x.o(i.SetSysClock)
    SetSysClock                              0x08001551   Thumb Code     8  system_stm32f10x.o(i.SetSysClock)
    i.SetSysClockTo72                        0x08001558   Section        0  system_stm32f10x.o(i.SetSysClockTo72)
    SetSysClockTo72                          0x08001559   Thumb Code   214  system_stm32f10x.o(i.SetSysClockTo72)
    i.Set_Lora_Transmit_Mode                 0x08001638   Section        0  cs_lora.o(i.Set_Lora_Transmit_Mode)
    i.SysTick_CLKSourceConfig                0x08001658   Section        0  misc.o(i.SysTick_CLKSourceConfig)
    i.SysTick_Handler                        0x08001680   Section        0  stm32f10x_it.o(i.SysTick_Handler)
    i.SysTick_Init                           0x08001684   Section        0  delay.o(i.SysTick_Init)
    i.SystemInit                             0x080016d8   Section        0  system_stm32f10x.o(i.SystemInit)
    i.Take_Lora_Frame                        0x08001738   Section        0  main.o(i.Take_Lora_Frame)
    Take_Lora_Frame                          0x08001739   Thumb Code   126  main.o(i.Take_Lora_Frame)
    i.UART1_receive_process_event            0x080017c0   Section        0  bsp_usart.o(i.UART1_receive_process_event)
    i.USART1_IRQHandler                      0x080017f4   Section        0  bsp_usart.o(i.USART1_IRQHandler)
    i.USART2_IRQHandler                      0x08001838   Section        0  bsp_usart.o(i.USART2_IRQHandler)
    i.USART2_SendStr                         0x0800187c   Section        0  bsp_usart.o(i.USART2_SendStr)
    i.USART_ClearFlag                        0x080018a4   Section        0  stm32f10x_usart.o(i.USART_ClearFlag)
    i.USART_Cmd                              0x080018b6   Section        0  stm32f10x_usart.o(i.USART_Cmd)
    i.USART_DeInit                           0x080018d0   Section        0  stm32f10x_usart.o(i.USART_DeInit)
    i.USART_GetITStatus                      0x0800196c   Section        0  stm32f10x_usart.o(i.USART_GetITStatus)
    i.USART_ITConfig                         0x080019c0   Section        0  stm32f10x_usart.o(i.USART_ITConfig)
    i.USART_Init                             0x08001a0c   Section        0  stm32f10x_usart.o(i.USART_Init)
    i.USART_ReceiveData                      0x08001ae4   Section        0  stm32f10x_usart.o(i.USART_ReceiveData)
    i.UsageFault_Handler                     0x08001aee   Section        0  stm32f10x_it.o(i.UsageFault_Handler)
    i.__0printf$8                            0x08001af4   Section        0  printf8.o(i.__0printf$8)
    i.__0sprintf$8                           0x08001b14   Section        0  printf8.o(i.__0sprintf$8)
    i.__scatterload_copy                     0x08001b3c   Section       14  handlers.o(i.__scatterload_copy)
    i.__scatterload_null                     0x08001b4a   Section        2  handlers.o(i.__scatterload_null)
    i.__scatterload_zeroinit                 0x08001b4c   Section       14  handlers.o(i.__scatterload_zeroinit)
    i._printf_core                           0x08001b5c   Section        0  printf8.o(i._printf_core)
    _printf_core                             0x08001b5d   Thumb Code   996  printf8.o(i._printf_core)
    i._printf_post_padding                   0x08001f6c   Section        0  printf8.o(i._printf_post_padding)
    _printf_post_padding                     0x08001f6d   Thumb Code    36  printf8.o(i._printf_post_padding)
    i._printf_pre_padding                    0x08001f90   Section        0  printf8.o(i._printf_pre_padding)
    _printf_pre_padding                      0x08001f91   Thumb Code    46  printf8.o(i._printf_pre_padding)
    i._sputc                                 0x08001fbe   Section        0  printf8.o(i._sputc)
    _sputc                                   0x08001fbf   Thumb Code    10  printf8.o(i._sputc)
    i.delay_ms                               0x08001fc8   Section        0  delay.o(i.delay_ms)
    i.delay_us                               0x08001fe0   Section        0  delay.o(i.delay_us)
    i.fputc                                  0x08002028   Section        0  bsp_usart.o(i.fputc)
    i.main                                   0x08002044   Section        0  main.o(i.main)
    i.usart1_init                            0x0800215c   Section        0  bsp_usart.o(i.usart1_init)
    i.usart2_init                            0x08002218   Section        0  bsp_usart.o(i.usart2_init)
    i.usart2_receive_process_event           0x080022cc   Section        0  bsp_usart.o(i.usart2_receive_process_event)
    .constdata                               0x08002300   Section     9314  oled.o(.constdata)
    .data                                    0x20000000   Section       20  system_stm32f10x.o(.data)
    .data                                    0x20000014   Section       20  stm32f10x_rcc.o(.data)
    APBAHBPrescTable                         0x20000014   Data          16  stm32f10x_rcc.o(.data)
    ADCPrescTable                            0x20000024   Data           4  stm32f10x_rcc.o(.data)
    .data                                    0x20000028   Section       12  main.o(.data)
    g_auto_mode                              0x20000028   Data           1  main.o(.data)
    g_relay_on                               0x20000029   Data           1  main.o(.data)
    g_smoke                                  0x2000002a   Data           2  main.o(.data)
    g_light                                  0x2000002c   Data           2  main.o(.data)
    g_pir                                    0x2000002e   Data           1  main.o(.data)
    g_gateway_silence_ms                     0x20000030   Data           4  main.o(.data)
    .data                                    0x20000034   Section        1  delay.o(.data)
    fac_us                                   0x20000034   Data           1  delay.o(.data)
    .data                                    0x20000038   Section        4  bsp_usart.o(.data)
    .data                                    0x2000003c   Section        5  bsp_dht11.o(.data)
    .data                                    0x20000042   Section        4  bsp_adc.o(.data)
    .bss                                     0x20000048   Section      192  main.o(.bss)
    g_tx                                     0x20000048   Data         160  main.o(.bss)
    g_line                                   0x200000e8   Data          32  main.o(.bss)
    .bss                                     0x20000108   Section     1048  bsp_usart.o(.bss)
    STACK                                    0x20000520   Section     1024  startup_stm32f10x_md.o(STACK)

    Global Symbols

    Symbol Name                              Value     Ov Type        Size  Object(Section)

    BuildAttributes$$THM_ISAv4$P$D$K$B$S$PE$A:L22UL41UL21$X:L11$S22US41US21$IEEE1$IW$USESV6$~STKCKD$USESV7$~SHL$OSPACE$ROPI$EBA8$MICROLIB$REQ8$PRES8$EABIv2 0x00000000   Number         0  anon$$obj.o ABSOLUTE
    __ARM_use_no_argv                        0x00000000   Number         0  main.o ABSOLUTE
    __use_no_errno                           0x00000000   Number         0  useno.o ABSOLUTE
    __use_no_exception_handling              0x00000000   Number         0  useno.o ABSOLUTE
    __use_no_fp                              0x00000000   Number         0  useno.o ABSOLUTE
    __use_no_heap                            0x00000000   Number         0  useno.o ABSOLUTE
    __use_no_heap_region                     0x00000000   Number         0  useno.o ABSOLUTE
    __use_no_semihosting                     0x00000000   Number         0  useno.o ABSOLUTE
    __use_no_semihosting_swi                 0x00000000   Number         0  useno.o ABSOLUTE
    __use_no_signal_handling                 0x00000000   Number         0  useno.o ABSOLUTE
    _printf_a                                0x00000000   Number         0  stubs.o ABSOLUTE
    _printf_c                                0x00000000   Number         0  stubs.o ABSOLUTE
    _printf_charcount                        0x00000000   Number         0  stubs.o ABSOLUTE
    _printf_d                                0x00000000   Number         0  stubs.o ABSOLUTE
    _printf_e                                0x00000000   Number         0  stubs.o ABSOLUTE
    _printf_f                                0x00000000   Number         0  stubs.o ABSOLUTE
    _printf_flags                            0x00000000   Number         0  stubs.o ABSOLUTE
    _printf_fp_dec                           0x00000000   Number         0  stubs.o ABSOLUTE
    _printf_fp_hex                           0x00000000   Number         0  stubs.o ABSOLUTE
    _printf_g                                0x00000000   Number         0  stubs.o ABSOLUTE
    _printf_i                                0x00000000   Number         0  stubs.o ABSOLUTE
    _printf_int_dec                          0x00000000   Number         0  stubs.o ABSOLUTE
    _printf_l                                0x00000000   Number         0  stubs.o ABSOLUTE
    _printf_lc                               0x00000000   Number         0  stubs.o ABSOLUTE
    _printf_ll                               0x00000000   Number         0  stubs.o ABSOLUTE
    _printf_lld                              0x00000000   Number         0  stubs.o ABSOLUTE
    _printf_lli                              0x00000000   Number         0  stubs.o ABSOLUTE
    _printf_llo                              0x00000000   Number         0  stubs.o ABSOLUTE
    _printf_llu                              0x00000000   Number         0  stubs.o ABSOLUTE
    _printf_llx                              0x00000000   Number         0  stubs.o ABSOLUTE
    _printf_longlong_dec                     0x00000000   Number         0  stubs.o ABSOLUTE
    _printf_longlong_hex                     0x00000000   Number         0  stubs.o ABSOLUTE
    _printf_longlong_oct                     0x00000000   Number         0  stubs.o ABSOLUTE
    _printf_ls                               0x00000000   Number         0  stubs.o ABSOLUTE
    _printf_mbtowc                           0x00000000   Number         0  stubs.o ABSOLUTE
    _printf_n                                0x00000000   Number         0  stubs.o ABSOLUTE
    _printf_o                                0x00000000   Number         0  stubs.o ABSOLUTE
    _printf_p                                0x00000000   Number         0  stubs.o ABSOLUTE
    _printf_percent                          0x00000000   Number         0  stubs.o ABSOLUTE
    _printf_pre_padding                      0x00000000   Number         0  stubs.o ABSOLUTE
    _printf_return_value                     0x00000000   Number         0  stubs.o ABSOLUTE
    _printf_s                                0x00000000   Number         0  stubs.o ABSOLUTE
    _printf_sizespec                         0x00000000   Number         0  stubs.o ABSOLUTE
    _printf_str                              0x00000000   Number         0  stubs.o ABSOLUTE
    _printf_truncate_signed                  0x00000000   Number         0  stubs.o ABSOLUTE
    _printf_truncate_unsigned                0x00000000   Number         0  stubs.o ABSOLUTE
    _printf_u                                0x00000000   Number         0  stubs.o ABSOLUTE
    _printf_wc                               0x00000000   Number         0  stubs.o ABSOLUTE
    _printf_wctomb                           0x00000000   Number         0  stubs.o ABSOLUTE
    _printf_widthprec                        0x00000000   Number         0  stubs.o ABSOLUTE
    _printf_x                                0x00000000   Number         0  stubs.o ABSOLUTE
    __cpp_initialize__aeabi_                  - Undefined Weak Reference
    __cxa_finalize                            - Undefined Weak Reference
    __decompress                              - Undefined Weak Reference
    _clock_init                               - Undefined Weak Reference
    _microlib_exit                            - Undefined Weak Reference
    __Vectors_Size                           0x000000ec   Number         0  startup_stm32f10x_md.o ABSOLUTE
    __Vectors                                0x08000000   Data           4  startup_stm32f10x_md.o(RESET)
    __Vectors_End                            0x080000ec   Data           0  startup_stm32f10x_md.o(RESET)
    __main                                   0x080000ed   Thumb Code     0  entry.o(.ARM.Collect$$$$00000000)
    _main_stk                                0x080000ed   Thumb Code     0  entry2.o(.ARM.Collect$$$$00000001)
    _main_scatterload                        0x080000f1   Thumb Code     0  entry5.o(.ARM.Collect$$$$00000004)
    __main_after_scatterload                 0x080000f5   Thumb Code     0  entry5.o(.ARM.Collect$$$$00000004)
    _main_clock                              0x080000f5   Thumb Code     0  entry7b.o(.ARM.Collect$$$$00000008)
    _main_cpp_init                           0x080000f5   Thumb Code     0  entry8b.o(.ARM.Collect$$$$0000000A)
    _main_init                               0x080000f5   Thumb Code     0  entry9a.o(.ARM.Collect$$$$0000000B)
    __rt_final_cpp                           0x080000fd   Thumb Code     0  entry10a.o(.ARM.Collect$$$$0000000D)
    __rt_final_exit                          0x080000fd   Thumb Code     0  entry11a.o(.ARM.Collect$$$$0000000F)
    Reset_Handler                            0x08000101   Thumb Code     8  startup_stm32f10x_md.o(.text)
    ADC1_2_IRQHandler                        0x0800011b   Thumb Code     0  startup_stm32f10x_md.o(.text)
    CAN1_RX1_IRQHandler                      0x0800011b   Thumb Code     0  startup_stm32f10x_md.o(.text)
    CAN1_SCE_IRQHandler                      0x0800011b   Thumb Code     0  startup_stm32f10x_md.o(.text)
    DMA1_Channel1_IRQHandler                 0x0800011b   Thumb Code     0  startup_stm32f10x_md.o(.text)
    DMA1_Channel2_IRQHandler                 0x0800011b   Thumb Code     0  startup_stm32f10x_md.o(.text)
    DMA1_Channel3_IRQHandler                 0x0800011b   Thumb Code     0  startup_stm32f10x_md.o(.text)
    DMA1_Channel4_IRQHandler                 0x0800011b   Thumb Code     0  startup_stm32f10x_md.o(.text)
    DMA1_Channel5_IRQHandler                 0x0800011b   Thumb Code     0  startup_stm32f10x_md.o(.text)
    DMA1_Channel6_IRQHandler                 0x0800011b   Thumb Code     0  startup_stm32f10x_md.o(.text)
    DMA1_Channel7_IRQHandler                 0x0800011b   Thumb Code     0  startup_stm32f10x_md.o(.text)
    EXTI0_IRQHandler                         0x0800011b   Thumb Code     0  startup_stm32f10x_md.o(.text)
    EXTI15_10_IRQHandler                     0x0800011b   Thumb Code     0  startup_stm32f10x_md.o(.text)
    EXTI1_IRQHandler                         0x0800011b   Thumb Code     0  startup_stm32f10x_md.o(.text)
    EXTI2_IRQHandler                         0x0800011b   Thumb Code     0  startup_stm32f10x_md.o(.text)
    EXTI3_IRQHandler                         0x0800011b   Thumb Code     0  startup_stm32f10x_md.o(.text)
    EXTI4_IRQHandler                         0x0800011b   Thumb Code     0  startup_stm32f10x_md.o(.text)
    EXTI9_5_IRQHandler                       0x0800011b   Thumb Code     0  startup_stm32f10x_md.o(.text)
    FLASH_IRQHandler                         0x0800011b   Thumb Code     0  startup_stm32f10x_md.o(.text)
    I2C1_ER_IRQHandler                       0x0800011b   Thumb Code     0  startup_stm32f10x_md.o(.text)
    I2C1_EV_IRQHandler                       0x0800011b   Thumb Code     0  startup_stm32f10x_md.o(.text)
    I2C2_ER_IRQHandler                       0x0800011b   Thumb Code     0  startup_stm32f10x_md.o(.text)
    I2C2_EV_IRQHandler                       0x0800011b   Thumb Code     0  startup_stm32f10x_md.o(.text)
    PVD_IRQHandler                           0x0800011b   Thumb Code     0  startup_stm32f10x_md.o(.text)
    RCC_IRQHandler                           0x0800011b   Thumb Code     0  startup_stm32f10x_md.o(.text)
    RTCAlarm_IRQHandler                      0x0800011b   Thumb Code     0  startup_stm32f10x_md.o(.text)
    RTC_IRQHandler                           0x0800011b   Thumb Code     0  startup_stm32f10x_md.o(.text)
    SPI1_IRQHandler                          0x0800011b   Thumb Code     0  startup_stm32f10x_md.o(.text)
    SPI2_IRQHandler                          0x0800011b   Thumb Code     0  startup_stm32f10x_md.o(.text)
    TAMPER_IRQHandler                        0x0800011b   Thumb Code     0  startup_stm32f10x_md.o(.text)
    TIM1_BRK_IRQHandler                      0x0800011b   Thumb Code     0  startup_stm32f10x_md.o(.text)
    TIM1_CC_IRQHandler                       0x0800011b   Thumb Code     0  startup_stm32f10x_md.o(.text)
    TIM1_TRG_COM_IRQHandler                  0x0800011b   Thumb Code     0  startup_stm32f10x_md.o(.text)
    TIM1_UP_IRQHandler                       0x0800011b   Thumb Code     0  startup_stm32f10x_md.o(.text)
    TIM2_IRQHandler                          0x0800011b   Thumb Code     0  startup_stm32f10x_md.o(.text)
    TIM3_IRQHandler                          0x0800011b   Thumb Code     0  startup_stm32f10x_md.o(.text)
    TIM4_IRQHandler                          0x0800011b   Thumb Code     0  startup_stm32f10x_md.o(.text)
    USART3_IRQHandler                        0x0800011b   Thumb Code     0  startup_stm32f10x_md.o(.text)
    USBWakeUp_IRQHandler                     0x0800011b   Thumb Code     0  startup_stm32f10x_md.o(.text)
    USB_HP_CAN1_TX_IRQHandler                0x0800011b   Thumb Code     0  startup_stm32f10x_md.o(.text)
    USB_LP_CAN1_RX0_IRQHandler               0x0800011b   Thumb Code     0  startup_stm32f10x_md.o(.text)
    WWDG_IRQHandler                          0x0800011b   Thumb Code     0  startup_stm32f10x_md.o(.text)
    __aeabi_memset                           0x08000125   Thumb Code    14  memseta.o(.text)
    __aeabi_memset4                          0x08000125   Thumb Code     0  memseta.o(.text)
    __aeabi_memset8                          0x08000125   Thumb Code     0  memseta.o(.text)
    __aeabi_memclr                           0x08000133   Thumb Code     4  memseta.o(.text)
    __aeabi_memclr4                          0x08000133   Thumb Code     0  memseta.o(.text)
    __aeabi_memclr8                          0x08000133   Thumb Code     0  memseta.o(.text)
    _memset$wrapper                          0x08000137   Thumb Code    18  memseta.o(.text)
    strstr                                   0x08000149   Thumb Code    36  strstr.o(.text)
    strncmp                                  0x0800016d   Thumb Code    30  strncmp.o(.text)
    __aeabi_uldivmod                         0x0800018b   Thumb Code    98  uldiv.o(.text)
    __scatterload                            0x080001ed   Thumb Code    28  init.o(.text)
    __scatterload_rt2                        0x080001ed   Thumb Code     0  init.o(.text)
    __aeabi_llsl                             0x08000211   Thumb Code    30  llshl.o(.text)
    _ll_shift_l                              0x08000211   Thumb Code     0  llshl.o(.text)
    __aeabi_llsr                             0x0800022f   Thumb Code    32  llushr.o(.text)
    _ll_ushift_r                             0x0800022f   Thumb Code     0  llushr.o(.text)
    ADC_Cmd                                  0x0800024f   Thumb Code    22  stm32f10x_adc.o(i.ADC_Cmd)
    ADC_DMACmd                               0x08000265   Thumb Code    22  stm32f10x_adc.o(i.ADC_DMACmd)
    ADC_GetCalibrationStatus                 0x0800027b   Thumb Code    20  stm32f10x_adc.o(i.ADC_GetCalibrationStatus)
    ADC_GetResetCalibrationStatus            0x0800028f   Thumb Code    20  stm32f10x_adc.o(i.ADC_GetResetCalibrationStatus)
    ADC_Init                                 0x080002a5   Thumb Code    70  stm32f10x_adc.o(i.ADC_Init)
    ADC_RegularChannelConfig                 0x080002f5   Thumb Code   184  stm32f10x_adc.o(i.ADC_RegularChannelConfig)
    ADC_ResetCalibration                     0x080003ad   Thumb Code    10  stm32f10x_adc.o(i.ADC_ResetCalibration)
    ADC_SoftwareStartConvCmd                 0x080003b7   Thumb Code    22  stm32f10x_adc.o(i.ADC_SoftwareStartConvCmd)
    ADC_StartCalibration                     0x080003cd   Thumb Code    10  stm32f10x_adc.o(i.ADC_StartCalibration)
    BusFault_Handler                         0x0800040d   Thumb Code     4  stm32f10x_it.o(i.BusFault_Handler)
    CSTX_Lora_M0_M1_Init                     0x08000411   Thumb Code    88  cs_lora.o(i.CSTX_Lora_M0_M1_Init)
    CSTX_Lora_Receive_Buf_Clear              0x08000471   Thumb Code     8  cs_lora.o(i.CSTX_Lora_Receive_Buf_Clear)
    CSTX_Lora_Send_String                    0x08000479   Thumb Code    12  cs_lora.o(i.CSTX_Lora_Send_String)
    CS_OLED_Init                             0x08000485   Thumb Code   368  oled.o(i.CS_OLED_Init)
    Clear_Buffer_UART2                       0x080005fd   Thumb Code    26  bsp_usart.o(i.Clear_Buffer_UART2)
    DHT11_Init                               0x08000649   Thumb Code    18  bsp_dht11.o(i.DHT11_Init)
    DHT11_Read_TempAndHumidity               0x08000709   Thumb Code   166  bsp_dht11.o(i.DHT11_Read_TempAndHumidity)
    DMA_Cmd                                  0x080007b5   Thumb Code    24  stm32f10x_dma.o(i.DMA_Cmd)
    DMA_DeInit                               0x080007cd   Thumb Code   324  stm32f10x_dma.o(i.DMA_DeInit)
    DMA_Init                                 0x08000919   Thumb Code    60  stm32f10x_dma.o(i.DMA_Init)
    DebugMon_Handler                         0x08000955   Thumb Code     2  stm32f10x_it.o(i.DebugMon_Handler)
    Fan_Init                                 0x08000a75   Thumb Code    46  bsp_io.o(i.Fan_Init)
    GPIO_Init                                0x08000aa9   Thumb Code   278  stm32f10x_gpio.o(i.GPIO_Init)
    GPIO_PinRemapConfig                      0x08000bc1   Thumb Code   138  stm32f10x_gpio.o(i.GPIO_PinRemapConfig)
    GPIO_ReadInputDataBit                    0x08000c51   Thumb Code    18  stm32f10x_gpio.o(i.GPIO_ReadInputDataBit)
    GPIO_ResetBits                           0x08000c63   Thumb Code     4  stm32f10x_gpio.o(i.GPIO_ResetBits)
    GPIO_SetBits                             0x08000c67   Thumb Code     4  stm32f10x_gpio.o(i.GPIO_SetBits)
    HardFault_Handler                        0x08000d8d   Thumb Code     4  stm32f10x_it.o(i.HardFault_Handler)
    Infrared_Init                            0x08000d91   Thumb Code    38  bsp_io.o(i.Infrared_Init)
    LED_Init                                 0x08000dbd   Thumb Code    50  bsp_io.o(i.LED_Init)
    MYADC1_Mode_Config                       0x08000df5   Thumb Code   240  bsp_adc.o(i.MYADC1_Mode_Config)
    MYADC_GPIO_Config                        0x08000ef1   Thumb Code    32  bsp_adc.o(i.MYADC_GPIO_Config)
    MYADC_Init                               0x08000f15   Thumb Code    12  bsp_adc.o(i.MYADC_Init)
    MYGPIO_Init                              0x08000f21   Thumb Code    20  bsp_io.o(i.MYGPIO_Init)
    MemManage_Handler                        0x08000f35   Thumb Code     4  stm32f10x_it.o(i.MemManage_Handler)
    NMI_Handler                              0x08000f39   Thumb Code     2  stm32f10x_it.o(i.NMI_Handler)
    NVIC_Init                                0x08000f3d   Thumb Code   100  misc.o(i.NVIC_Init)
    NVIC_PriorityGroupConfig                 0x08000fad   Thumb Code    10  misc.o(i.NVIC_PriorityGroupConfig)
    OLED_Clear                               0x08000fc1   Thumb Code    64  oled.o(i.OLED_Clear)
    OLED_Set_Pos                             0x08001001   Thumb Code    46  oled.o(i.OLED_Set_Pos)
    OLED_ShowChar                            0x080010e5   Thumb Code   106  oled.o(i.OLED_ShowChar)
    OLED_ShowString                          0x08001155   Thumb Code   110  oled.o(i.OLED_ShowString)
    OLED_WR_Byte                             0x080011c5   Thumb Code    92  oled.o(i.OLED_WR_Byte)
    PendSV_Handler                           0x08001229   Thumb Code     2  stm32f10x_it.o(i.PendSV_Handler)
    RCC_ADCCLKConfig                         0x0800122d   Thumb Code    18  stm32f10x_rcc.o(i.RCC_ADCCLKConfig)
    RCC_AHBPeriphClockCmd                    0x08001245   Thumb Code    26  stm32f10x_rcc.o(i.RCC_AHBPeriphClockCmd)
    RCC_APB1PeriphClockCmd                   0x08001265   Thumb Code    26  stm32f10x_rcc.o(i.RCC_APB1PeriphClockCmd)
    RCC_APB1PeriphResetCmd                   0x08001285   Thumb Code    26  stm32f10x_rcc.o(i.RCC_APB1PeriphResetCmd)
    RCC_APB2PeriphClockCmd                   0x080012a5   Thumb Code    26  stm32f10x_rcc.o(i.RCC_APB2PeriphClockCmd)
    RCC_APB2PeriphResetCmd                   0x080012c5   Thumb Code    26  stm32f10x_rcc.o(i.RCC_APB2PeriphResetCmd)
    RCC_GetClocksFreq                        0x080012e5   Thumb Code   192  stm32f10x_rcc.o(i.RCC_GetClocksFreq)
    Relay_Init                               0x08001401   Thumb Code    46  bsp_io.o(i.Relay_Init)
    SVC_Handler                              0x0800145d   Thumb Code     2  stm32f10x_it.o(i.SVC_Handler)
    Set_Lora_Transmit_Mode                   0x08001639   Thumb Code    26  cs_lora.o(i.Set_Lora_Transmit_Mode)
    SysTick_CLKSourceConfig                  0x08001659   Thumb Code    40  misc.o(i.SysTick_CLKSourceConfig)
    SysTick_Handler                          0x08001681   Thumb Code     2  stm32f10x_it.o(i.SysTick_Handler)
    SysTick_Init                             0x08001685   Thumb Code    70  delay.o(i.SysTick_Init)
    SystemInit                               0x080016d9   Thumb Code    78  system_stm32f10x.o(i.SystemInit)
    UART1_receive_process_event              0x080017c1   Thumb Code    46  bsp_usart.o(i.UART1_receive_process_event)
    USART1_IRQHandler                        0x080017f5   Thumb Code    60  bsp_usart.o(i.USART1_IRQHandler)
    USART2_IRQHandler                        0x08001839   Thumb Code    60  bsp_usart.o(i.USART2_IRQHandler)
    USART2_SendStr                           0x0800187d   Thumb Code    34  bsp_usart.o(i.USART2_SendStr)
    USART_ClearFlag                          0x080018a5   Thumb Code    18  stm32f10x_usart.o(i.USART_ClearFlag)
    USART_Cmd                                0x080018b7   Thumb Code    24  stm32f10x_usart.o(i.USART_Cmd)
    USART_DeInit                             0x080018d1   Thumb Code   134  stm32f10x_usart.o(i.USART_DeInit)
    USART_GetITStatus                        0x0800196d   Thumb Code    84  stm32f10x_usart.o(i.USART_GetITStatus)
    USART_ITConfig                           0x080019c1   Thumb Code    74  stm32f10x_usart.o(i.USART_ITConfig)
    USART_Init                               0x08001a0d   Thumb Code   210  stm32f10x_usart.o(i.USART_Init)
    USART_ReceiveData                        0x08001ae5   Thumb Code    10  stm32f10x_usart.o(i.USART_ReceiveData)
    UsageFault_Handler                       0x08001aef   Thumb Code     4  stm32f10x_it.o(i.UsageFault_Handler)
    __0printf$8                              0x08001af5   Thumb Code    22  printf8.o(i.__0printf$8)
    __1printf$8                              0x08001af5   Thumb Code     0  printf8.o(i.__0printf$8)
    __2printf                                0x08001af5   Thumb Code     0  printf8.o(i.__0printf$8)
    __0sprintf$8                             0x08001b15   Thumb Code    34  printf8.o(i.__0sprintf$8)
    __1sprintf$8                             0x08001b15   Thumb Code     0  printf8.o(i.__0sprintf$8)
    __2sprintf                               0x08001b15   Thumb Code     0  printf8.o(i.__0sprintf$8)
    __scatterload_copy                       0x08001b3d   Thumb Code    14  handlers.o(i.__scatterload_copy)
    __scatterload_null                       0x08001b4b   Thumb Code     2  handlers.o(i.__scatterload_null)
    __scatterload_zeroinit                   0x08001b4d   Thumb Code    14  handlers.o(i.__scatterload_zeroinit)
    delay_ms                                 0x08001fc9   Thumb Code    24  delay.o(i.delay_ms)
    delay_us                                 0x08001fe1   Thumb Code    68  delay.o(i.delay_us)
    fputc                                    0x08002029   Thumb Code    24  bsp_usart.o(i.fputc)
    main                                     0x08002045   Thumb Code   198  main.o(i.main)
    usart1_init                              0x0800215d   Thumb Code   178  bsp_usart.o(i.usart1_init)
    usart2_init                              0x08002219   Thumb Code   172  bsp_usart.o(i.usart2_init)
    usart2_receive_process_event             0x080022cd   Thumb Code    46  bsp_usart.o(i.usart2_receive_process_event)
    F6x8                                     0x08002300   Data         552  oled.o(.constdata)
    F8X16                                    0x08002528   Data        1520  oled.o(.constdata)
    tfont16                                  0x08002b18   Data        7242  oled.o(.constdata)
    Region$$Table$$Base                      0x08004764   Number         0  anon$$obj.o(Region$$Table)
    Region$$Table$$Limit                     0x08004784   Number         0  anon$$obj.o(Region$$Table)
    SystemCoreClock                          0x20000000   Data           4  system_stm32f10x.o(.data)
    AHBPrescTable                            0x20000004   Data          16  system_stm32f10x.o(.data)
    __stdout                                 0x20000038   Data           4  bsp_usart.o(.data)
    DHT11_Data                               0x2000003c   Data           5  bsp_dht11.o(.data)
    ADC_Read                                 0x20000042   Data           4  bsp_adc.o(.data)
    buf_uart1                                0x20000108   Data         524  bsp_usart.o(.bss)
    buf_lora                                 0x20000314   Data         524  bsp_usart.o(.bss)
    __initial_sp                             0x20000920   Data           0  startup_stm32f10x_md.o(STACK)



==============================================================================

Memory Map of the image

  Image Entry point : 0x080000ed

  Load Region LR_IROM1 (Base: 0x08000000, Size: 0x000047cc, Max: 0x00010000, ABSOLUTE)

    Execution Region ER_IROM1 (Base: 0x08000000, Size: 0x00004784, Max: 0x00010000, ABSOLUTE)

    Base Addr    Size         Type   Attr      Idx    E Section Name        Object

    0x08000000   0x000000ec   Data   RO            3    RESET               startup_stm32f10x_md.o
    0x080000ec   0x00000000   Code   RO         2322  * .ARM.Collect$$$$00000000  mc_w.l(entry.o)
    0x080000ec   0x00000004   Code   RO         2592    .ARM.Collect$$$$00000001  mc_w.l(entry2.o)
    0x080000f0   0x00000004   Code   RO         2595    .ARM.Collect$$$$00000004  mc_w.l(entry5.o)
    0x080000f4   0x00000000   Code   RO         2597    .ARM.Collect$$$$00000008  mc_w.l(entry7b.o)
    0x080000f4   0x00000000   Code   RO         2599    .ARM.Collect$$$$0000000A  mc_w.l(entry8b.o)
    0x080000f4   0x00000008   Code   RO         2600    .ARM.Collect$$$$0000000B  mc_w.l(entry9a.o)
    0x080000fc   0x00000000   Code   RO         2602    .ARM.Collect$$$$0000000D  mc_w.l(entry10a.o)
    0x080000fc   0x00000000   Code   RO         2604    .ARM.Collect$$$$0000000F  mc_w.l(entry11a.o)
    0x080000fc   0x00000004   Code   RO         2593    .ARM.Collect$$$$00002712  mc_w.l(entry2.o)
    0x08000100   0x00000024   Code   RO            4    .text               startup_stm32f10x_md.o
    0x08000124   0x00000024   Code   RO         2325    .text               mc_w.l(memseta.o)
    0x08000148   0x00000024   Code   RO         2327    .text               mc_w.l(strstr.o)
    0x0800016c   0x0000001e   Code   RO         2329    .text               mc_w.l(strncmp.o)
    0x0800018a   0x00000062   Code   RO         2608    .text               mc_w.l(uldiv.o)
    0x080001ec   0x00000024   Code   RO         2621    .text               mc_w.l(init.o)
    0x08000210   0x0000001e   Code   RO         2623    .text               mc_w.l(llshl.o)
    0x0800022e   0x00000020   Code   RO         2625    .text               mc_w.l(llushr.o)
    0x0800024e   0x00000016   Code   RO         1315    i.ADC_Cmd           stm32f10x_adc.o
    0x08000264   0x00000016   Code   RO         1316    i.ADC_DMACmd        stm32f10x_adc.o
    0x0800027a   0x00000014   Code   RO         1323    i.ADC_GetCalibrationStatus  stm32f10x_adc.o
    0x0800028e   0x00000014   Code   RO         1329    i.ADC_GetResetCalibrationStatus  stm32f10x_adc.o
    0x080002a2   0x00000002   PAD
    0x080002a4   0x00000050   Code   RO         1333    i.ADC_Init          stm32f10x_adc.o
    0x080002f4   0x000000b8   Code   RO         1337    i.ADC_RegularChannelConfig  stm32f10x_adc.o
    0x080003ac   0x0000000a   Code   RO         1338    i.ADC_ResetCalibration  stm32f10x_adc.o
    0x080003b6   0x00000016   Code   RO         1340    i.ADC_SoftwareStartConvCmd  stm32f10x_adc.o
    0x080003cc   0x0000000a   Code   RO         1342    i.ADC_StartCalibration  stm32f10x_adc.o
    0x080003d6   0x00000002   PAD
    0x080003d8   0x00000034   Code   RO         1714    i.Apply_Automatic_Lighting  main.o
    0x0800040c   0x00000004   Code   RO         1811    i.BusFault_Handler  stm32f10x_it.o
    0x08000410   0x00000060   Code   RO         2140    i.CSTX_Lora_M0_M1_Init  cs_lora.o
    0x08000470   0x00000008   Code   RO         2141    i.CSTX_Lora_Receive_Buf_Clear  cs_lora.o
    0x08000478   0x0000000c   Code   RO         2143    i.CSTX_Lora_Send_String  cs_lora.o
    0x08000484   0x00000178   Code   RO         2017    i.CS_OLED_Init      oled.o
    0x080005fc   0x00000020   Code   RO         1901    i.Clear_Buffer_UART2  bsp_usart.o
    0x0800061c   0x0000002c   Code   RO         2200    i.DHT11_GPIO_Config  bsp_dht11.o
    0x08000648   0x00000018   Code   RO         2201    i.DHT11_Init        bsp_dht11.o
    0x08000660   0x00000020   Code   RO         2202    i.DHT11_Mode_IPU    bsp_dht11.o
    0x08000680   0x00000024   Code   RO         2203    i.DHT11_Mode_Out_PP  bsp_dht11.o
    0x080006a4   0x00000064   Code   RO         2204    i.DHT11_ReadByte    bsp_dht11.o
    0x08000708   0x000000ac   Code   RO         2205    i.DHT11_Read_TempAndHumidity  bsp_dht11.o
    0x080007b4   0x00000018   Code   RO         1239    i.DMA_Cmd           stm32f10x_dma.o
    0x080007cc   0x0000014c   Code   RO         1240    i.DMA_DeInit        stm32f10x_dma.o
    0x08000918   0x0000003c   Code   RO         1245    i.DMA_Init          stm32f10x_dma.o
    0x08000954   0x00000002   Code   RO         1812    i.DebugMon_Handler  stm32f10x_it.o
    0x08000956   0x00000002   PAD
    0x08000958   0x0000011c   Code   RO         1715    i.Draw_Node_Display  main.o
    0x08000a74   0x00000034   Code   RO         2275    i.Fan_Init          bsp_io.o
    0x08000aa8   0x00000116   Code   RO          201    i.GPIO_Init         stm32f10x_gpio.o
    0x08000bbe   0x00000002   PAD
    0x08000bc0   0x00000090   Code   RO          203    i.GPIO_PinRemapConfig  stm32f10x_gpio.o
    0x08000c50   0x00000012   Code   RO          205    i.GPIO_ReadInputDataBit  stm32f10x_gpio.o
    0x08000c62   0x00000004   Code   RO          208    i.GPIO_ResetBits    stm32f10x_gpio.o
    0x08000c66   0x00000004   Code   RO          209    i.GPIO_SetBits      stm32f10x_gpio.o
    0x08000c6a   0x00000002   PAD
    0x08000c6c   0x00000120   Code   RO         1716    i.Handle_Lora_Command  main.o
    0x08000d8c   0x00000004   Code   RO         1813    i.HardFault_Handler  stm32f10x_it.o
    0x08000d90   0x0000002c   Code   RO         2276    i.Infrared_Init     bsp_io.o
    0x08000dbc   0x00000038   Code   RO         2277    i.LED_Init          bsp_io.o
    0x08000df4   0x000000fc   Code   RO         2244    i.MYADC1_Mode_Config  bsp_adc.o
    0x08000ef0   0x00000024   Code   RO         2245    i.MYADC_GPIO_Config  bsp_adc.o
    0x08000f14   0x0000000c   Code   RO         2246    i.MYADC_Init        bsp_adc.o
    0x08000f20   0x00000014   Code   RO         2278    i.MYGPIO_Init       bsp_io.o
    0x08000f34   0x00000004   Code   RO         1814    i.MemManage_Handler  stm32f10x_it.o
    0x08000f38   0x00000002   Code   RO         1815    i.NMI_Handler       stm32f10x_it.o
    0x08000f3a   0x00000002   PAD
    0x08000f3c   0x00000070   Code   RO          101    i.NVIC_Init         misc.o
    0x08000fac   0x00000014   Code   RO          102    i.NVIC_PriorityGroupConfig  misc.o
    0x08000fc0   0x00000040   Code   RO         2018    i.OLED_Clear        oled.o
    0x08001000   0x0000002e   Code   RO         2022    i.OLED_Set_Pos      oled.o
    0x0800102e   0x00000002   PAD
    0x08001030   0x000000b4   Code   RO         2023    i.OLED_ShowCHinese  oled.o
    0x080010e4   0x00000070   Code   RO         2024    i.OLED_ShowChar     oled.o
    0x08001154   0x0000006e   Code   RO         2026    i.OLED_ShowString   oled.o
    0x080011c2   0x00000002   PAD
    0x080011c4   0x00000064   Code   RO         2027    i.OLED_WR_Byte      oled.o
    0x08001228   0x00000002   Code   RO         1816    i.PendSV_Handler    stm32f10x_it.o
    0x0800122a   0x00000002   PAD
    0x0800122c   0x00000018   Code   RO          309    i.RCC_ADCCLKConfig  stm32f10x_rcc.o
    0x08001244   0x00000020   Code   RO          310    i.RCC_AHBPeriphClockCmd  stm32f10x_rcc.o
    0x08001264   0x00000020   Code   RO          311    i.RCC_APB1PeriphClockCmd  stm32f10x_rcc.o
    0x08001284   0x00000020   Code   RO          312    i.RCC_APB1PeriphResetCmd  stm32f10x_rcc.o
    0x080012a4   0x00000020   Code   RO          313    i.RCC_APB2PeriphClockCmd  stm32f10x_rcc.o
    0x080012c4   0x00000020   Code   RO          314    i.RCC_APB2PeriphResetCmd  stm32f10x_rcc.o
    0x080012e4   0x000000d4   Code   RO          321    i.RCC_GetClocksFreq  stm32f10x_rcc.o
    0x080013b8   0x00000048   Code   RO         1717    i.Read_Sensors      main.o
    0x08001400   0x00000034   Code   RO         2279    i.Relay_Init        bsp_io.o
    0x08001434   0x00000028   Code   RO         1718    i.Relay_Set         main.o
    0x0800145c   0x00000002   Code   RO         1817    i.SVC_Handler       stm32f10x_it.o
    0x0800145e   0x00000002   PAD
    0x08001460   0x00000060   Code   RO         1719    i.Send_Ack          main.o
    0x080014c0   0x00000090   Code   RO         1720    i.Send_Telemetry    main.o
    0x08001550   0x00000008   Code   RO           24    i.SetSysClock       system_stm32f10x.o
    0x08001558   0x000000e0   Code   RO           25    i.SetSysClockTo72   system_stm32f10x.o
    0x08001638   0x00000020   Code   RO         2145    i.Set_Lora_Transmit_Mode  cs_lora.o
    0x08001658   0x00000028   Code   RO          105    i.SysTick_CLKSourceConfig  misc.o
    0x08001680   0x00000002   Code   RO         1818    i.SysTick_Handler   stm32f10x_it.o
    0x08001682   0x00000002   PAD
    0x08001684   0x00000054   Code   RO         1874    i.SysTick_Init      delay.o
    0x080016d8   0x00000060   Code   RO           27    i.SystemInit        system_stm32f10x.o
    0x08001738   0x00000088   Code   RO         1721    i.Take_Lora_Frame   main.o
    0x080017c0   0x00000034   Code   RO         1902    i.UART1_receive_process_event  bsp_usart.o
    0x080017f4   0x00000044   Code   RO         1903    i.USART1_IRQHandler  bsp_usart.o
    0x08001838   0x00000044   Code   RO         1907    i.USART2_IRQHandler  bsp_usart.o
    0x0800187c   0x00000028   Code   RO         1909    i.USART2_SendStr    bsp_usart.o
    0x080018a4   0x00000012   Code   RO         1057    i.USART_ClearFlag   stm32f10x_usart.o
    0x080018b6   0x00000018   Code   RO         1061    i.USART_Cmd         stm32f10x_usart.o
    0x080018ce   0x00000002   PAD
    0x080018d0   0x0000009c   Code   RO         1063    i.USART_DeInit      stm32f10x_usart.o
    0x0800196c   0x00000054   Code   RO         1065    i.USART_GetITStatus  stm32f10x_usart.o
    0x080019c0   0x0000004a   Code   RO         1067    i.USART_ITConfig    stm32f10x_usart.o
    0x08001a0a   0x00000002   PAD
    0x08001a0c   0x000000d8   Code   RO         1068    i.USART_Init        stm32f10x_usart.o
    0x08001ae4   0x0000000a   Code   RO         1075    i.USART_ReceiveData  stm32f10x_usart.o
    0x08001aee   0x00000004   Code   RO         1819    i.UsageFault_Handler  stm32f10x_it.o
    0x08001af2   0x00000002   PAD
    0x08001af4   0x00000020   Code   RO         2538    i.__0printf$8       mc_w.l(printf8.o)
    0x08001b14   0x00000028   Code   RO         2540    i.__0sprintf$8      mc_w.l(printf8.o)
    0x08001b3c   0x0000000e   Code   RO         2633    i.__scatterload_copy  mc_w.l(handlers.o)
    0x08001b4a   0x00000002   Code   RO         2634    i.__scatterload_null  mc_w.l(handlers.o)
    0x08001b4c   0x0000000e   Code   RO         2635    i.__scatterload_zeroinit  mc_w.l(handlers.o)
    0x08001b5a   0x00000002   PAD
    0x08001b5c   0x00000410   Code   RO         2545    i._printf_core      mc_w.l(printf8.o)
    0x08001f6c   0x00000024   Code   RO         2546    i._printf_post_padding  mc_w.l(printf8.o)
    0x08001f90   0x0000002e   Code   RO         2547    i._printf_pre_padding  mc_w.l(printf8.o)
    0x08001fbe   0x0000000a   Code   RO         2549    i._sputc            mc_w.l(printf8.o)
    0x08001fc8   0x00000018   Code   RO         1875    i.delay_ms          delay.o
    0x08001fe0   0x00000048   Code   RO         1876    i.delay_us          delay.o
    0x08002028   0x0000001c   Code   RO         1912    i.fputc             bsp_usart.o
    0x08002044   0x00000118   Code   RO         1722    i.main              main.o
    0x0800215c   0x000000bc   Code   RO         1913    i.usart1_init       bsp_usart.o
    0x08002218   0x000000b4   Code   RO         1914    i.usart2_init       bsp_usart.o
    0x080022cc   0x00000034   Code   RO         1915    i.usart2_receive_process_event  bsp_usart.o
    0x08002300   0x00002462   Data   RO         2029    .constdata          oled.o
    0x08004762   0x00000002   PAD
    0x08004764   0x00000020   Data   RO         2631    Region$$Table       anon$$obj.o


    Execution Region RW_IRAM1 (Base: 0x20000000, Size: 0x00000920, Max: 0x00005000, ABSOLUTE)

    Base Addr    Size         Type   Attr      Idx    E Section Name        Object

    0x20000000   0x00000014   Data   RW           28    .data               system_stm32f10x.o
    0x20000014   0x00000014   Data   RW          341    .data               stm32f10x_rcc.o
    0x20000028   0x0000000c   Data   RW         1724    .data               main.o
    0x20000034   0x00000001   Data   RW         1877    .data               delay.o
    0x20000035   0x00000003   PAD
    0x20000038   0x00000004   Data   RW         1917    .data               bsp_usart.o
    0x2000003c   0x00000005   Data   RW         2206    .data               bsp_dht11.o
    0x20000041   0x00000001   PAD
    0x20000042   0x00000004   Data   RW         2247    .data               bsp_adc.o
    0x20000046   0x00000002   PAD
    0x20000048   0x000000c0   Zero   RW         1723    .bss                main.o
    0x20000108   0x00000418   Zero   RW         1916    .bss                bsp_usart.o
    0x20000520   0x00000400   Zero   RW            1    STACK               startup_stm32f10x_md.o


==============================================================================

Image component sizes


      Code (inc. data)   RO Data    RW Data    ZI Data      Debug   Object Name

       300         16          0          4          0       2229   bsp_adc.o
       408         30          0          5          0       4623   bsp_dht11.o
       224         24          0          0          0       2469   bsp_io.o
       708         62          0          4       1048       7948   bsp_usart.o
         0          0          0          0          0       4504   core_cm3.o
       148         14          0          0          0       2118   cs_lora.o
       180         18          0          1          0       1901   delay.o
      1392        528          0         12        192      20902   main.o
       172         22          0          0          0       2265   misc.o
       988         28       9314          0          0       5281   oled.o
        36          8        236          0       1024        860   startup_stm32f10x_md.o
       390         10          0          0          0       7849   stm32f10x_adc.o
       416          8          0          0          0       3630   stm32f10x_dma.o
       448          6          0          0          0       4770   stm32f10x_gpio.o
        26          0          0          0          0       3918   stm32f10x_it.o
       396         56          0         20          0       7107   stm32f10x_rcc.o
       582         28          0          0          0       6511   stm32f10x_usart.o
       328         28          0         20          0     248133   system_stm32f10x.o

    ----------------------------------------------------------------------
      7170        886       9584         72       2264     337018   Object Totals
         0          0         32          0          0          0   (incl. Generated)
        28          0          2          6          0          0   (incl. Padding)

    ----------------------------------------------------------------------

      Code (inc. data)   RO Data    RW Data    ZI Data      Debug   Library Member Name

         0          0          0          0          0          0   entry.o
         0          0          0          0          0          0   entry10a.o
         0          0          0          0          0          0   entry11a.o
         8          4          0          0          0          0   entry2.o
         4          0          0          0          0          0   entry5.o
         0          0          0          0          0          0   entry7b.o
         0          0          0          0          0          0   entry8b.o
         8          4          0          0          0          0   entry9a.o
        30          0          0          0          0          0   handlers.o
        36          8          0          0          0         68   init.o
        30          0          0          0          0         68   llshl.o
        32          0          0          0          0         68   llushr.o
        36          0          0          0          0        108   memseta.o
      1204         60          0          0          0        504   printf8.o
        30          0          0          0          0         80   strncmp.o
        36          0          0          0          0         80   strstr.o
        98          0          0          0          0         92   uldiv.o

    ----------------------------------------------------------------------
      1554         76          0          0          0       1068   Library Totals
         2          0          0          0          0          0   (incl. Padding)

    ----------------------------------------------------------------------

      Code (inc. data)   RO Data    RW Data    ZI Data      Debug   Library Name

      1552         76          0          0          0       1068   mc_w.l

    ----------------------------------------------------------------------
      1554         76          0          0          0       1068   Library Totals

    ----------------------------------------------------------------------

==============================================================================


      Code (inc. data)   RO Data    RW Data    ZI Data      Debug   

      8724        962       9584         72       2264     333090   Grand Totals
      8724        962       9584         72       2264     333090   ELF Image Totals
      8724        962       9584         72          0          0   ROM Totals

==============================================================================

    Total RO  Size (Code + RO Data)                18308 (  17.88kB)
    Total RW  Size (RW Data + ZI Data)              2336 (   2.28kB)
    Total ROM Size (Code + RO Data + RW Data)      18380 (  17.95kB)

==============================================================================

